ARM Linker, 5.03 [Build 76] [MDK-ARM Standard]

==============================================================================

Section Cross References

    clock_init.o(.text) refers to stm32f10x_rcc.o(.text) for RCC_DeInit
    clock_init.o(.text) refers to stm32f10x_flash.o(.text) for FLASH_PrefetchBufferCmd
    clock_init.o(.text) refers to misc.o(.text) for NVIC_SetVectorTable
    clock_init.o(.text) refers to clock_init.o(.data) for fac_us
    main.o(.text) refers to clock_init.o(.text) for RCC_Configuration
    main.o(.text) refers to bsp_usart.o(.text) for USART1_Configuration
    main.o(.text) refers to bsp_pwm.o(.text) for PWMTIM_Configuration
    main.o(.text) refers to bsp_hmc5883l.o(.text) for COMPASS_Init
    main.o(.text) refers to bsp_servos.o(.text) for SERVOS_Init
    main.o(.text) refers to cdcmple.o(.text) for __aeabi_cdcmpeq
    main.o(.text) refers to bsp_ultrasonic.o(.text) for ULTRASONIC_Read
    main.o(.text) refers to printfa.o(i.__0sprintf) for __2sprintf
    main.o(.text) refers to main.o(.data) for MOTOR_Speed
    main.o(.text) refers to main.o(.bss) for buf
    main.o(.text) refers to stm32f10x_it.o(.data) for num
    stm32f10x_it.o(.text) refers to stm32f10x_usart.o(.text) for USART_GetITStatus
    stm32f10x_it.o(.text) refers to cdcmple.o(.text) for __aeabi_cdcmple
    stm32f10x_it.o(.text) refers to dadd.o(.text) for __aeabi_dadd
    stm32f10x_it.o(.text) refers to printfa.o(i.__0sprintf) for __2sprintf
    stm32f10x_it.o(.text) refers to bsp_usart.o(.text) for USART_sendBuf
    stm32f10x_it.o(.text) refers to cdrcmple.o(.text) for __aeabi_cdrcmple
    stm32f10x_it.o(.text) refers to strtol.o(.text) for strtol
    stm32f10x_it.o(.text) refers to strtof.o(i.strtof) for strtof
    stm32f10x_it.o(.text) refers to f2d.o(.text) for __aeabi_f2d
    stm32f10x_it.o(.text) refers to main.o(.data) for MOTOR_Speed
    stm32f10x_it.o(.text) refers to main.o(.bss) for buf
    stm32f10x_it.o(.text) refers to stm32f10x_it.o(.data) for num
    bsp_usart.o(.text) refers to stm32f10x_rcc.o(.text) for RCC_APB2PeriphClockCmd
    bsp_usart.o(.text) refers to stm32f10x_gpio.o(.text) for GPIO_Init
    bsp_usart.o(.text) refers to stm32f10x_usart.o(.text) for USART_Init
    bsp_pwm.o(.text) refers to stm32f10x_rcc.o(.text) for RCC_APB1PeriphClockCmd
    bsp_pwm.o(.text) refers to stm32f10x_gpio.o(.text) for GPIO_Init
    bsp_pwm.o(.text) refers to stm32f10x_tim.o(.text) for TIM_TimeBaseInit
    bsp_pwm.o(.text) refers to dflti.o(.text) for __aeabi_i2d
    bsp_pwm.o(.text) refers to dmul.o(.text) for __aeabi_dmul
    bsp_pwm.o(.text) refers to dfixi.o(.text) for __aeabi_d2iz
    bsp_hmc5883l.o(.text) refers to bsp_myiic.o(.text) for IIC_SingleWrite
    bsp_hmc5883l.o(.text) refers to clock_init.o(.text) for DelayMs
    bsp_hmc5883l.o(.text) refers to dflti.o(.text) for __aeabi_i2d
    bsp_hmc5883l.o(.text) refers to atan2.o(i.atan2) for atan2
    bsp_hmc5883l.o(.text) refers to dmul.o(.text) for __aeabi_dmul
    bsp_hmc5883l.o(.text) refers to bsp_hmc5883l.o(.bss) for COMPASS_Struct
    bsp_hmc5883l.o(.text) refers to main.o(.data) for COMPASS_Angle
    bsp_myiic.o(.text) refers to stm32f10x_rcc.o(.text) for RCC_APB2PeriphClockCmd
    bsp_myiic.o(.text) refers to stm32f10x_gpio.o(.text) for GPIO_Init
    bsp_myiic.o(.text) refers to bsp_myiic.o(i.IIC_delay) for IIC_delay
    bsp_myiic.o(.text) refers to clock_init.o(.text) for DelayUs
    bsp_servos.o(.text) refers to stm32f10x_rcc.o(.text) for RCC_APB1PeriphClockCmd
    bsp_servos.o(.text) refers to misc.o(.text) for NVIC_Init
    bsp_servos.o(.text) refers to stm32f10x_tim.o(.text) for TIM_DeInit
    bsp_servos.o(.text) refers to stm32f10x_gpio.o(.text) for GPIO_WriteBit
    bsp_servos.o(.text) refers to cdrcmple.o(.text) for __aeabi_cdrcmple
    bsp_servos.o(.text) refers to cdcmple.o(.text) for __aeabi_cdcmple
    bsp_servos.o(.text) refers to ddiv.o(.text) for __aeabi_ddiv
    bsp_servos.o(.text) refers to dmul.o(.text) for __aeabi_dmul
    bsp_servos.o(.text) refers to dadd.o(.text) for __aeabi_dadd
    bsp_servos.o(.text) refers to dfixui.o(.text) for __aeabi_d2uiz
    bsp_servos.o(.text) refers to bsp_servos.o(.data) for SERVOS_Struct
    bsp_ultrasonic.o(.text) refers to stm32f10x_usart.o(.text) for USART_SendData
    bsp_ultrasonic.o(.text) refers to clock_init.o(.text) for DelayMs
    bsp_ultrasonic.o(.text) refers to dfltui.o(.text) for __aeabi_ui2d
    bsp_ultrasonic.o(.text) refers to dmul.o(.text) for __aeabi_dmul
    bsp_ultrasonic.o(.text) refers to dadd.o(.text) for __aeabi_dadd
    bsp_ultrasonic.o(.text) refers to bsp_ultrasonic.o(.data) for i
    bsp_ultrasonic.o(.text) refers to main.o(.data) for ULTRASONIC_Dist1
    system_stm32f10x.o(.text) refers to system_stm32f10x.o(.data) for SystemCoreClock
    stm32f10x_gpio.o(.text) refers to stm32f10x_rcc.o(.text) for RCC_APB2PeriphResetCmd
[...]
    printfa.o(i.__0vprintf) refers (Special) to iusefp.o(.text) for __I$use$fp
    printfa.o(i.__0vprintf) refers to printfa.o(i._printf_core) for _printf_core
    printfa.o(i.__0vprintf) refers to fputc.o(i.fputc) for fputc
    printfa.o(i.__0vprintf) refers to stdout.o(.data) for __stdout
    printfa.o(i.__0vsnprintf) refers (Special) to iusefp.o(.text) for __I$use$fp
    printfa.o(i.__0vsnprintf) refers to printfa.o(i._printf_core) for _printf_core
    printfa.o(i.__0vsnprintf) refers to printfa.o(i._snputc) for _snputc
    printfa.o(i.__0vsprintf) refers (Special) to iusefp.o(.text) for __I$use$fp
    printfa.o(i.__0vsprintf) refers to printfa.o(i._printf_core) for _printf_core
    printfa.o(i.__0vsprintf) refers to printfa.o(i._sputc) for _sputc
    printfa.o(i._fp_digits) refers (Special) to iusefp.o(.text) for __I$use$fp
    printfa.o(i._fp_digits) refers to dmul.o(.text) for __aeabi_dmul
    printfa.o(i._fp_digits) refers to ddiv.o(.text) for __aeabi_ddiv
    printfa.o(i._fp_digits) refers to cdrcmple.o(.text) for __aeabi_cdrcmple
    printfa.o(i._fp_digits) refers to dadd.o(.text) for __aeabi_dadd
    printfa.o(i._fp_digits) refers to dfixul.o(.text) for __aeabi_d2ulz
    printfa.o(i._fp_digits) refers to uldiv.o(.text) for __aeabi_uldivmod
    printfa.o(i._printf_core) refers (Special) to iusefp.o(.text) for __I$use$fp
    printfa.o(i._printf_core) refers to printfa.o(i._printf_pre_padding) for _printf_pre_padding
    printfa.o(i._printf_core) refers to uldiv.o(.text) for __aeabi_uldivmod
    printfa.o(i._printf_core) refers to printfa.o(i._printf_post_padding) for _printf_post_padding
    printfa.o(i._printf_core) refers to printfa.o(i._fp_digits) for _fp_digits
    printfa.o(i._printf_core) refers to uidiv.o(.text) for __aeabi_uidivmod
    printfa.o(i._printf_post_padding) refers (Special) to iusefp.o(.text) for __I$use$fp
    printfa.o(i._printf_pre_padding) refers (Special) to iusefp.o(.text) for __I$use$fp
    printfa.o(i._snputc) refers (Special) to iusefp.o(.text) for __I$use$fp
    printfa.o(i._sputc) refers (Special) to iusefp.o(.text) for __I$use$fp
    strtol.o(.text) refers to ctype_o.o(.text) for __rt_ctype_table
    strtol.o(.text) refers to _strtoul.o(.text) for _strtoul
    strtol.o(.text) refers to errno.o(i.__aeabi_errno_addr) for __aeabi_errno_addr
    dadd.o(.text) refers (Special) to iusefp.o(.text) for __I$use$fp
    dadd.o(.text) refers to llshl.o(.text) for __aeabi_llsl
    dadd.o(.text) refers to llsshr.o(.text) for __aeabi_lasr
    dadd.o(.text) refers to depilogue.o(.text) for _double_epilogue
    dmul.o(.text) refers (Special) to iusefp.o(.text) for __I$use$fp
    dmul.o(.text) refers to depilogue.o(.text) for _double_epilogue
    ddiv.o(.text) refers (Special) to iusefp.o(.text) for __I$use$fp
    ddiv.o(.text) refers to depilogue.o(.text) for _double_round
    dflti.o(.text) refers (Special) to iusefp.o(.text) for __I$use$fp
    dflti.o(.text) refers to depilogue.o(.text) for _double_epilogue
    dfltui.o(.text) refers (Special) to iusefp.o(.text) for __I$use$fp
    dfltui.o(.text) refers to depilogue.o(.text) for _double_epilogue
    dfixi.o(.text) refers (Special) to iusefp.o(.text) for __I$use$fp
    dfixi.o(.text) refers to llushr.o(.text) for __aeabi_llsr
    dfixui.o(.text) refers (Special) to iusefp.o(.text) for __I$use$fp
    dfixui.o(.text) refers to llushr.o(.text) for __aeabi_llsr
    f2d.o(.text) refers (Special) to iusefp.o(.text) for __I$use$fp
    cdcmple.o(.text) refers (Special) to iusefp.o(.text) for __I$use$fp
    cdrcmple.o(.text) refers (Special) to iusefp.o(.text) for __I$use$fp
    atan.o(i.__softfp_atan) refers (Special) to iusefp.o(.text) for __I$use$fp
    atan.o(i.__softfp_atan) refers to atan.o(i.atan) for atan
    atan.o(i.atan) refers (Special) to iusefp.o(.text) for __I$use$fp
    atan.o(i.atan) refers to dscalb.o(.text) for __ARM_scalbn
    atan.o(i.atan) refers to fpclassify.o(i.__ARM_fpclassify) for __ARM_fpclassify
    atan.o(i.atan) refers to dunder.o(i.__mathlib_dbl_underflow) for __mathlib_dbl_underflow
    atan.o(i.atan) refers to dadd.o(.text) for __aeabi_dadd
    atan.o(i.atan) refers to ddiv.o(.text) for __aeabi_ddiv
    atan.o(i.atan) refers to dmul.o(.text) for __aeabi_dmul
    atan.o(i.atan) refers to poly.o(i.__kernel_poly) for __kernel_poly
    atan.o(i.atan) refers to atan.o(.constdata) for .constdata
    atan.o(.constdata) refers (Special) to iusefp.o(.text) for __I$use$fp
    atan_x.o(i.____softfp_atan$lsc) refers (Special) to iusefp.o(.text) for __I$use$fp
    atan_x.o(i.____softfp_atan$lsc) refers to atan_x.o(i.__atan$lsc) for __atan$lsc
    atan_x.o(i.__atan$lsc) refers (Special) to iusefp.o(.text) for __I$use$fp
    atan_x.o(i.__atan$lsc) refers to dscalb.o(.text) for __ARM_scalbn
    atan_x.o(i.__atan$lsc) refers to dadd.o(.text) for __aeabi_dadd
    atan_x.o(i.__atan$lsc) refers to ddiv.o(.text) for __aeabi_ddiv
    atan_x.o(i.__atan$lsc) refers to dmul.o(.text) for __aeabi_dmul
    atan_x.o(i.__atan$lsc) refers to poly.o(i.__kernel_poly) for __kernel_poly
    atan_x.o(i.__atan$lsc) refers to atan_x.o(.constdata) for .constdata
    atan_x.o(.constdata) refers (Special) to iusefp.o(.text) for __I$use$fp
    qnan.o(.constdata) refers (Special) to iusefp.o(.text) for __I$use$fp
    entry2.o(.ARM.Collect$$$$00000001) refers to entry2.o(.ARM.Collect$$$$00002712) for __lit__00000000
    entry2.o(.ARM.Collect$$$$00002712) refers to startup_stm32f10x_hd.o(STACK) for __initial_sp
    entry2.o(__vectab_stack_and_reset_area) refers to startup_stm32f10x_hd.o(STACK) for __initial_sp
    entry2.o(__vectab_stack_and_reset_area) refers to entry.o(.ARM.Collect$$$$00000000) for __main
    entry5.o(.ARM.Collect$$$$00000004) refers to init.o(.text) for __scatterload
    entry9a.o(.ARM.Collect$$$$0000000B) refers to main.o(.text) for main
    entry9b.o(.ARM.Collect$$$$0000000C) refers to main.o(.text) for main
    fputc.o(i.fputc) refers (Special) to iusesemip.o(.text) for __I$use$semihosting$fputc
    fputc.o(i.fputc) refers (Special) to semi.o(.text) for __semihosting_library_function
    uldiv.o(.text) refers to llushr.o(.text) for __aeabi_llsr
    uldiv.o(.text) refers to llshl.o(.text) for __aeabi_llsl
    ctype_o.o(.text) refers to ctype_o.o(.constdata) for .constdata
    ctype_o.o(.constdata) refers to ctype_o.o(.constdata) for __ctype_table
    isalnum_o.o(.text) refers to ctype_o.o(.text) for __rt_ctype_table
    isalpha_o.o(.text) refers to ctype_o.o(.text) for __rt_ctype_table
    isblank_o.o(.text) refers to ctype_o.o(.constdata) for __ctype_table
    iscntrl_o.o(.text) refers to ctype_o.o(.text) for __rt_ctype_table
    isdigit_o.o(.text) refers to ctype_o.o(.text) for __rt_ctype_table
    isgraph_o.o(.text) refers to ctype_o.o(.text) for __rt_ctype_table
    islower_o.o(.text) refers to ctype_o.o(.text) for __rt_ctype_table
    isprint_o.o(.text) refers to ctype_o.o(.text) for __rt_ctype_table
    ispunct_o.o(.text) refers to ctype_o.o(.text) for __rt_ctype_table
    isspace_o.o(.text) refers to ctype_o.o(.text) for __rt_ctype_table
    isupper_o.o(.text) refers to ctype_o.o(.text) for __rt_ctype_table
    isxdigit_o.o(.text) refers to ctype_o.o(.text) for __rt_ctype_table
    errno.o(i.__aeabi_errno_addr) refers to errno.o(.data) for .data
    errno.o(i.__read_errno) refers to errno.o(.data) for .data
    errno.o(i.__set_errno) refers to errno.o(.data) for .data
    _strtoul.o(.text) refers to _chval.o(.text) for _chval
    _strtoul.o(.text) refers to errno.o(i.__aeabi_errno_addr) for __aeabi_errno_addr
    strtod.o(.text) refers to scanf_fp.o(.text) for _scanf_real
    strtod.o(.text) refers to _sgetc.o(.text) for _sgetc
    strtod.o(.text) refers to isspace_o.o(.text) for isspace
    depilogue.o(.text) refers to llshl.o(.text) for __aeabi_llsl
    depilogue.o(.text) refers to llushr.o(.text) for __aeabi_llsr
    dfixul.o(.text) refers to llushr.o(.text) for __aeabi_llsr
    dfixul.o(.text) refers to llshl.o(.text) for __aeabi_llsl
    d2f.o(.text) refers to fepilogue.o(.text) for _float_round
    dunder.o(i.__mathlib_dbl_underflow) refers to dscalb.o(.text) for __ARM_scalbn
    fpclassify.o(i.__ARM_fpclassify) refers (Special) to iusefp.o(.text) for __I$use$fp
    poly.o(i.__kernel_poly) refers (Special) to iusefp.o(.text) for __I$use$fp
    poly.o(i.__kernel_poly) refers to dmul.o(.text) for __aeabi_dmul
    poly.o(i.__kernel_poly) refers to dadd.o(.text) for __aeabi_dadd
    init.o(.text) refers to entry5.o(.ARM.Collect$$$$00000004) for __main_after_scatterload
    isspace_c.o(.text) refers to ctype_c.o(.text) for __ctype_lookup
    scanf_fp.o(.text) refers (Special) to iusefp.o(.text) for __I$use$fp
    scanf_fp.o(.text) refers to dfltul.o(.text) for __aeabi_ul2d
    scanf_fp.o(.text) refers to dmul.o(.text) for __aeabi_dmul
    scanf_fp.o(.text) refers to ddiv.o(.text) for __aeabi_ddiv
    scanf_fp.o(.text) refers to scanf_fp.o(i._is_digit) for _is_digit
    scanf_fp.o(.text) refers to d2f.o(.text) for __aeabi_d2f
    ctype_c.o(.text) refers to ctype_c.o(.constdata) for .constdata
    dfltul.o(.text) refers to depilogue.o(.text) for _double_epilogue
    scanf_fp.o(i._is_digit) refers (Special) to iusefp.o(.text) for __I$use$fp


==============================================================================

Removing Unused input sections from the image.

    Removing bsp_pwm.o(.data), (4 bytes).
    Removing bsp_hmc5883l.o(.data), (4 bytes).
    Removing bsp_myiic.o(.data), (4 bytes).
    Removing core_cm3.o(.emb_text), (32 bytes).
    Removing startup_stm32f10x_hd.o(HEAP), (512 bytes).

5 unused section(s) (total 556 bytes) removed from the image.

==============================================================================

Image Symbol Table

    Local Symbols

    Symbol Name                              Value     Ov Type        Size  Object(Section)

    ../clib/microlib/ctype/ctype.c           0x00000000   Number         0  isxdigit_o.o ABSOLUTE
    ../clib/microlib/ctype/ctype.c           0x00000000   Number         0  isdigit_o.o ABSOLUTE
    ../clib/microlib/ctype/ctype.c           0x00000000   Number         0  isgraph_o.o ABSOLUTE
    ../clib/microlib/ctype/ctype.c           0x00000000   Number         0  isprint_o.o ABSOLUTE
    ../clib/microlib/ctype/ctype.c           0x00000000   Number         0  islower_o.o ABSOLUTE
    ../clib/microlib/ctype/ctype.c           0x00000000   Number         0  ctype_o.o ABSOLUTE
    ../clib/microlib/ctype/ctype.c           0x00000000   Number         0  ctype_c.o ABSOLUTE
    ../clib/microlib/ctype/ctype.c           0x00000000   Number         0  isalnum_o.o ABSOLUTE
    ../clib/microlib/ctype/ctype.c           0x00000000   Number         0  isalpha_o.o ABSOLUTE
    ../clib/microlib/ctype/ctype.c           0x00000000   Number         0  isblank_o.o ABSOLUTE
    ../clib/microlib/ctype/ctype.c           0x00000000   Number         0  isupper_o.o ABSOLUTE
    ../clib/microlib/ctype/ctype.c           0x00000000   Number         0  iscntrl_o.o ABSOLUTE
    ../clib/microlib/ctype/ctype.c           0x00000000   Number         0  isspace_o.o ABSOLUTE
    ../clib/microlib/ctype/ctype.c           0x00000000   Number         0  ispunct_o.o ABSOLUTE
    ../clib/microlib/ctype/ctype.c           0x00000000   Number         0  isspace_c.o ABSOLUTE
    ../clib/microlib/division.c              0x00000000   Number         0  uldiv.o ABSOLUTE
    ../clib/microlib/division.c              0x00000000   Number         0  uidiv.o ABSOLUTE
    ../clib/microlib/errno.c                 0x00000000   Number         0  errno.o ABSOLUTE
    ../clib/microlib/init/entry.s            0x00000000   Number         0  entry5.o ABSOLUTE
    ../clib/microlib/init/entry.s            0x00000000   Number         0  entry8a.o ABSOLUTE
    ../clib/microlib/init/entry.s            0x00000000   Number         0  entry7b.o ABSOLUTE
    ../clib/microlib/init/entry.s            0x00000000   Number         0  entry7a.o ABSOLUTE
    ../clib/microlib/init/entry.s            0x00000000   Number         0  entry9a.o ABSOLUTE
    ../clib/microlib/init/entry.s            0x00000000   Number         0  entry9b.o ABSOLUTE
    ../clib/microlib/init/entry.s            0x00000000   Number         0  entry2.o ABSOLUTE
    ../clib/microlib/init/entry.s            0x00000000   Number         0  entry8b.o ABSOLUTE
    ../clib/microlib/init/entry.s            0x00000000   Number         0  entry10a.o ABSOLUTE
    ../clib/microlib/init/entry.s            0x00000000   Number         0  entry10b.o ABSOLUTE
    ../clib/microlib/init/entry.s            0x00000000   Number         0  entry11a.o ABSOLUTE
    ../clib/microlib/init/entry.s            0x00000000   Number         0  entry.o ABSOLUTE
    ../clib/microlib/init/entry.s            0x00000000   Number         0  entry11b.o ABSOLUTE
    ../clib/microlib/longlong.c              0x00000000   Number         0  llushr.o ABSOLUTE
    ../clib/microlib/longlong.c              0x00000000   Number         0  llsshr.o ABSOLUTE
    ../clib/microlib/longlong.c              0x00000000   Number         0  llshl.o ABSOLUTE
    ../clib/microlib/printf/printf.c         0x00000000   Number         0  printf5.o ABSOLUTE
    ../clib/microlib/printf/printf.c         0x00000000   Number         0  printfa.o ABSOLUTE
    ../clib/microlib/printf/printf.c         0x00000000   Number         0  printf6.o ABSOLUTE
    ../clib/microlib/printf/printf.c         0x00000000   Number         0  printf0.o ABSOLUTE
    ../clib/microlib/printf/printf.c         0x00000000   Number         0  printfb.o ABSOLUTE
    ../clib/microlib/printf/printf.c         0x00000000   Number         0  printf2.o ABSOLUTE
    ../clib/microlib/printf/printf.c         0x00000000   Number         0  printf3.o ABSOLUTE
    ../clib/microlib/printf/printf.c         0x00000000   Number         0  printf4.o ABSOLUTE
    ../clib/microlib/printf/printf.c         0x00000000   Number         0  printf1.o ABSOLUTE
    ../clib/microlib/printf/printf.c         0x00000000   Number         0  printf7.o ABSOLUTE
    ../clib/microlib/printf/printf.c         0x00000000   Number         0  printf8.o ABSOLUTE
    ../clib/microlib/printf/stubs.s          0x00000000   Number         0  stubs.o ABSOLUTE
    ../clib/microlib/stdio/fputc.c           0x00000000   Number         0  fputc.o ABSOLUTE
    ../clib/microlib/stdio/semi.s            0x00000000   Number         0  semi.o ABSOLUTE
    ../clib/microlib/stdio/streams.c         0x00000000   Number         0  stdout.o ABSOLUTE
    ../clib/microlib/stubs.s                 0x00000000   Number         0  iusefp.o ABSOLUTE
    ../clib/microlib/stubs.s                 0x00000000   Number         0  iusesemip.o ABSOLUTE
    ../clib/scanf.c                          0x00000000   Number         0  _chval.o ABSOLUTE
    ../clib/scanf.c                          0x00000000   Number         0  scanf_fp.o ABSOLUTE
    ../clib/scanf.c                          0x00000000   Number         0  _sgetc.o ABSOLUTE
    ../clib/scanf.c                          0x00000000   Number         0  strtod.o ABSOLUTE
    ../clib/scanf.c                          0x00000000   Number         0  _strtoul.o ABSOLUTE
    ../clib/scanf.c                          0x00000000   Number         0  strtol.o ABSOLUTE
    ../fplib/microlib/d2f.c                  0x00000000   Number         0  d2f.o ABSOLUTE
    ../fplib/microlib/f2d.c                  0x00000000   Number         0  f2d.o ABSOLUTE
    ../fplib/microlib/fpadd.c                0x00000000   Number         0  dadd.o ABSOLUTE
    ../fplib/microlib/fpdiv.c                0x00000000   Number         0  ddiv.o ABSOLUTE
    ../fplib/microlib/fpepilogue.c           0x00000000   Number         0  depilogue.o ABSOLUTE
    ../fplib/microlib/fpepilogue.c           0x00000000   Number         0  fepilogue.o ABSOLUTE
    ../fplib/microlib/fpfix.c                0x00000000   Number         0  dfixul.o ABSOLUTE
    ../fplib/microlib/fpfix.c                0x00000000   Number         0  dfixi.o ABSOLUTE
    ../fplib/microlib/fpfix.c                0x00000000   Number         0  dfixui.o ABSOLUTE
    ../fplib/microlib/fpflt.c                0x00000000   Number         0  dfltul.o ABSOLUTE
    ../fplib/microlib/fpflt.c                0x00000000   Number         0  dfltui.o ABSOLUTE
    ../fplib/microlib/fpflt.c                0x00000000   Number         0  dflti.o ABSOLUTE
    ../fplib/microlib/fpmul.c                0x00000000   Number         0  dmul.o ABSOLUTE
    ../fplib/microlib/fpscalb.c              0x00000000   Number         0  dscalb.o ABSOLUTE
    ../mathlib/atan.c                        0x00000000   Number         0  atan.o ABSOLUTE
    ../mathlib/atan.c                        0x00000000   Number         0  atan_x.o ABSOLUTE
    ../mathlib/atan2.c                       0x00000000   Number         0  atan2.o ABSOLUTE
    ../mathlib/atan2.c                       0x00000000   Number         0  atan2_x.o ABSOLUTE
    ../mathlib/dunder.c                      0x00000000   Number         0  dunder.o ABSOLUTE
    ../mathlib/fpclassify.c                  0x00000000   Number         0  fpclassify.o ABSOLUTE
    ../mathlib/poly.c                        0x00000000   Number         0  poly.o ABSOLUTE
    ../mathlib/qnan.c                        0x00000000   Number         0  qnan.o ABSOLUTE
    ../mathlib/strtof.c                      0x00000000   Number         0  strtof.o ABSOLUTE
    CMSIS\\core_cm3.c                        0x00000000   Number         0  core_cm3.o ABSOLUTE
    CMSIS\core_cm3.c                         0x00000000   Number         0  core_cm3.o ABSOLUTE
    CMSIS\system_stm32f10x.c                 0x00000000   Number         0  system_stm32f10x.o ABSOLUTE
    StartUP\startup_stm32f10x_hd.s           0x00000000   Number         0  startup_stm32f10x_hd.o ABSOLUTE
    StdPeriph_Driver\src\misc.c              0x00000000   Number         0  misc.o ABSOLUTE
    StdPeriph_Driver\src\stm32f10x_flash.c   0x00000000   Number         0  stm32f10x_flash.o ABSOLUTE
    StdPeriph_Driver\src\stm32f10x_gpio.c    0x00000000   Number         0  stm32f10x_gpio.o ABSOLUTE
    StdPeriph_Driver\src\stm32f10x_rcc.c     0x00000000   Number         0  stm32f10x_rcc.o ABSOLUTE
    StdPeriph_Driver\src\stm32f10x_tim.c     0x00000000   Number         0  stm32f10x_tim.o ABSOLUTE
    StdPeriph_Driver\src\stm32f10x_usart.c   0x00000000   Number         0  stm32f10x_usart.o ABSOLUTE
    User\Clock_Init.c                        0x00000000   Number         0  clock_init.o ABSOLUTE
    User\bsp_HMC5883L.c                      0x00000000   Number         0  bsp_hmc5883l.o ABSOLUTE
    User\bsp_myiic.c                         0x00000000   Number         0  bsp_myiic.o ABSOLUTE
    User\bsp_pwm.c                           0x00000000   Number         0  bsp_pwm.o ABSOLUTE
    User\bsp_servos.c                        0x00000000   Number         0  bsp_servos.o ABSOLUTE
    User\bsp_ultrasonic.c                    0x00000000   Number         0  bsp_ultrasonic.o ABSOLUTE
    User\bsp_usart.c                         0x00000000   Number         0  bsp_usart.o ABSOLUTE
    User\main.c                              0x00000000   Number         0  main.o ABSOLUTE
    User\stm32f10x_it.c                      0x00000000   Number         0  stm32f10x_it.o ABSOLUTE
    cdcmple.s                                0x00000000   Number         0  cdcmple.o ABSOLUTE
    cdrcmple.s                               0x00000000   Number         0  cdrcmple.o ABSOLUTE
    dc.s                                     0x00000000   Number         0  dc.o ABSOLUTE
    handlers.s                               0x00000000   Number         0  handlers.o ABSOLUTE
    init.s                                   0x00000000   Number         0  init.o ABSOLUTE
    RESET                                    0x08000000   Section      304  startup_stm32f10x_hd.o(RESET)
    .ARM.Collect$$$$00000000                 0x08000130   Section        0  entry.o(.ARM.Collect$$$$00000000)
    .ARM.Collect$$$$00000001                 0x08000130   Section        4  entry2.o(.ARM.Collect$$$$00000001)
    .ARM.Collect$$$$00000004                 0x08000134   Section        4  entry5.o(.ARM.Collect$$$$00000004)
    .ARM.Collect$$$$00000008                 0x08000138   Section        0  entry7b.o(.ARM.Collect$$$$00000008)
    .ARM.Collect$$$$0000000A                 0x08000138   Section        0  entry8b.o(.ARM.Collect$$$$0000000A)
    .ARM.Collect$$$$0000000B                 0x08000138   Section        8  entry9a.o(.ARM.Collect$$$$0000000B)
    .ARM.Collect$$$$0000000D                 0x08000140   Section        0  entry10a.o(.ARM.Collect$$$$0000000D)
    .ARM.Collect$$$$0000000F                 0x08000140   Section        0  entry11a.o(.ARM.Collect$$$$0000000F)
    .ARM.Collect$$$$00002712                 0x08000140   Section        4  entry2.o(.ARM.Collect$$$$00002712)
    __lit__00000000                          0x08000140   Data           4  entry2.o(.ARM.Collect$$$$00002712)
    .text                                    0x08000144   Section        0  clock_init.o(.text)
    .text                                    0x080002f0   Section        0  main.o(.text)
    .text                                    0x08000560   Section        0  stm32f10x_it.o(.text)
    .text                                    0x080007e4   Section        0  bsp_usart.o(.text)
    .text                                    0x08000b64   Section        0  bsp_pwm.o(.text)
    .text                                    0x08000c34   Section        0  bsp_hmc5883l.o(.text)
    .text                                    0x08000d68   Section        0  bsp_myiic.o(.text)
    .text                                    0x080010a0   Section        0  bsp_servos.o(.text)
    .text                                    0x08001250   Section        0  bsp_ultrasonic.o(.text)
    .text                                    0x08001404   Section        0  system_stm32f10x.o(.text)
    SetSysClockTo72                          0x08001405   Thumb Code   212  system_stm32f10x.o(.text)
    SetSysClock                              0x080014d9   Thumb Code     8  system_stm32f10x.o(.text)
    .text                                    0x080015e0   Section        0  stm32f10x_flash.o(.text)
    .text                                    0x08001b9c   Section        0  stm32f10x_gpio.o(.text)
    .text                                    0x08001ef4   Section        0  stm32f10x_rcc.o(.text)
    .text                                    0x08002298   Section        0  misc.o(.text)
    .text                                    0x08002374   Section        0  stm32f10x_usart.o(.text)
    .text                                    0x0800277c   Section        0  stm32f10x_tim.o(.text)
    TI4_Config                               0x08002c23   Thumb Code   130  stm32f10x_tim.o(.text)
    TI3_Config                               0x08002cb7   Thumb Code   122  stm32f10x_tim.o(.text)
    TI2_Config                               0x08002d4b   Thumb Code   130  stm32f10x_tim.o(.text)
    TI1_Config                               0x08002ddf   Thumb Code   108  stm32f10x_tim.o(.text)
    .text                                    0x08003598   Section       36  startup_stm32f10x_hd.o(.text)
    .text                                    0x080035bc   Section        0  strtol.o(.text)
    .text                                    0x0800362c   Section        0  dadd.o(.text)
    .text                                    0x0800377a   Section        0  dmul.o(.text)
    .text                                    0x0800385e   Section        0  ddiv.o(.text)
    .text                                    0x0800393c   Section        0  dflti.o(.text)
    .text                                    0x0800395e   Section        0  dfltui.o(.text)
    .text                                    0x08003978   Section        0  dfixi.o(.text)
    .text                                    0x080039b6   Section        0  dfixui.o(.text)
    .text                                    0x080039e8   Section        0  f2d.o(.text)
    .text                                    0x08003a10   Section       40  cdcmple.o(.text)
    .text                                    0x08003a38   Section       40  cdrcmple.o(.text)
    .text                                    0x08003a60   Section        0  uidiv.o(.text)
    .text                                    0x08003a8c   Section        0  uldiv.o(.text)
    .text                                    0x08003aee   Section        0  llshl.o(.text)
    .text                                    0x08003b0c   Section        0  llushr.o(.text)
    .text                                    0x08003b2c   Section        0  llsshr.o(.text)
    .text                                    0x08003b50   Section        0  ctype_o.o(.text)
    .text                                    0x08003b58   Section        0  isspace_o.o(.text)
    .text                                    0x08003b6a   Section        0  _strtoul.o(.text)
    .text                                    0x08003c08   Section        0  strtod.o(.text)
    _local_sscanf                            0x08003c09   Thumb Code    54  strtod.o(.text)
    .text                                    0x08003ca4   Section        0  depilogue.o(.text)
    .text                                    0x08003ca4   Section        0  iusefp.o(.text)
    .text                                    0x08003d62   Section        0  dfixul.o(.text)
    .text                                    0x08003d92   Section        0  d2f.o(.text)
    .text                                    0x08003dcc   Section       36  init.o(.text)
    .text                                    0x08003df0   Section        0  _chval.o(.text)
    .text                                    0x08003e0c   Section        0  scanf_fp.o(.text)
    _fp_value                                0x08003e0d   Thumb Code   256  scanf_fp.o(.text)
    .text                                    0x08004148   Section        0  _sgetc.o(.text)
    .text                                    0x08004188   Section        0  fepilogue.o(.text)
    .text                                    0x080041f4   Section        0  dscalb.o(.text)
    .text                                    0x08004222   Section        0  dfltul.o(.text)
    i.IIC_delay                              0x0800423a   Section        0  bsp_myiic.o(i.IIC_delay)
    i.__0sprintf                             0x08004248   Section        0  printfa.o(i.__0sprintf)
    i.__ARM_fpclassify                       0x08004270   Section        0  fpclassify.o(i.__ARM_fpclassify)
    i.__aeabi_errno_addr                     0x08004298   Section        0  errno.o(i.__aeabi_errno_addr)
    i.__kernel_poly                          0x080042a0   Section        0  poly.o(i.__kernel_poly)
    i.__mathlib_dbl_underflow                0x0800434c   Section        0  dunder.o(i.__mathlib_dbl_underflow)
    i.__scatterload_copy                     0x0800435c   Section       14  handlers.o(i.__scatterload_copy)
    i.__scatterload_null                     0x0800436a   Section        2  handlers.o(i.__scatterload_null)
    i.__scatterload_zeroinit                 0x0800436c   Section       14  handlers.o(i.__scatterload_zeroinit)
    i._fp_digits                             0x0800437c   Section        0  printfa.o(i._fp_digits)
    _fp_digits                               0x0800437d   Thumb Code   326  printfa.o(i._fp_digits)
    i._is_digit                              0x080044d8   Section        0  scanf_fp.o(i._is_digit)
    i._printf_core                           0x080044e8   Section        0  printfa.o(i._printf_core)
    _printf_core                             0x080044e9   Thumb Code  1762  printfa.o(i._printf_core)
    i._printf_post_padding                   0x08004bd8   Section        0  printfa.o(i._printf_post_padding)
    _printf_post_padding                     0x08004bd9   Thumb Code    38  printfa.o(i._printf_post_padding)
    i._printf_pre_padding                    0x08004bfe   Section        0  printfa.o(i._printf_pre_padding)
    _printf_pre_padding                      0x08004bff   Thumb Code    48  printfa.o(i._printf_pre_padding)
    i._sputc                                 0x08004c2e   Section        0  printfa.o(i._sputc)
    _sputc                                   0x08004c2f   Thumb Code    10  printfa.o(i._sputc)
    i.atan                                   0x08004c38   Section        0  atan.o(i.atan)
    i.atan2                                  0x08004e5c   Section        0  atan2.o(i.atan2)
    i.strtof                                 0x08004fdc   Section        0  strtof.o(i.strtof)
    .constdata                               0x08005000   Section      152  atan.o(.constdata)
    atanhi                                   0x08005000   Data          32  atan.o(.constdata)
    atanlo                                   0x08005020   Data          32  atan.o(.constdata)
    aTodd                                    0x08005040   Data          40  atan.o(.constdata)
    aTeven                                   0x08005068   Data          48  atan.o(.constdata)
    .constdata                               0x08005098   Section        8  qnan.o(.constdata)
    .constdata                               0x080050a0   Section      129  ctype_o.o(.constdata)
    .constdata                               0x08005124   Section        4  ctype_o.o(.constdata)
    table                                    0x08005124   Data           4  ctype_o.o(.constdata)
    .data                                    0x20000000   Section        4  clock_init.o(.data)
    fac_us                                   0x20000000   Data           1  clock_init.o(.data)
    fac_ms                                   0x20000002   Data           2  clock_init.o(.data)
    .data                                    0x20000008   Section       68  main.o(.data)
    fac_us                                   0x20000008   Data           1  main.o(.data)
    fac_ms                                   0x2000000a   Data           2  main.o(.data)
    .data                                    0x2000004c   Section        8  stm32f10x_it.o(.data)
    .data                                    0x20000054   Section        2  bsp_servos.o(.data)
    .data                                    0x20000056   Section       14  bsp_ultrasonic.o(.data)
    fac_us                                   0x20000056   Data           1  bsp_ultrasonic.o(.data)
    fac_ms                                   0x20000058   Data           2  bsp_ultrasonic.o(.data)
    .data                                    0x20000064   Section       20  system_stm32f10x.o(.data)
    .data                                    0x20000078   Section       20  stm32f10x_rcc.o(.data)
    APBAHBPrescTable                         0x20000078   Data          16  stm32f10x_rcc.o(.data)
    ADCPrescTable                            0x20000088   Data           4  stm32f10x_rcc.o(.data)
    .data                                    0x2000008c   Section        4  errno.o(.data)
    _errno                                   0x2000008c   Data           4  errno.o(.data)
    .bss                                     0x20000090   Section     4346  main.o(.bss)
    .bss                                     0x2000118c   Section       24  bsp_hmc5883l.o(.bss)
    STACK                                    0x200011a8   Section     1024  startup_stm32f10x_hd.o(STACK)

    Global Symbols

    Symbol Name                              Value     Ov Type        Size  Object(Section)

    BuildAttributes$$THM_ISAv4$P$D$K$B$S$PE$A:L22UL41UL21$X:L11$S22US41US21$IEEE1$IW$USESV6$~STKCKD$USESV7$~SHL$OTIME$ROPI$IEEEX$EBA8$MICROLIB$REQ8$PRES8$EABIv2 0x00000000   Number         0  anon$$obj.o ABSOLUTE
    __ARM_use_no_argv                        0x00000000   Number         0  main.o ABSOLUTE
    _printf_a                                0x00000000   Number         0  stubs.o ABSOLUTE
    _printf_c                                0x00000000   Number         0  stubs.o ABSOLUTE
    _printf_charcount                        0x00000000   Number         0  stubs.o ABSOLUTE
    _printf_d                                0x00000000   Number         0  stubs.o ABSOLUTE
    _printf_e                                0x00000000   Number         0  stubs.o ABSOLUTE
    _printf_f                                0x00000000   Number         0  stubs.o ABSOLUTE
    _printf_flags                            0x00000000   Number         0  stubs.o ABSOLUTE
    _printf_fp_dec                           0x00000000   Number         0  stubs.o ABSOLUTE
    _printf_fp_hex                           0x00000000   Number         0  stubs.o ABSOLUTE
    _printf_g                                0x00000000   Number         0  stubs.o ABSOLUTE
    _printf_i                                0x00000000   Number         0  stubs.o ABSOLUTE
    _printf_int_dec                          0x00000000   Number         0  stubs.o ABSOLUTE
    _printf_l                                0x00000000   Number         0  stubs.o ABSOLUTE
    _printf_lc                               0x00000000   Number         0  stubs.o ABSOLUTE
    _printf_ll                               0x00000000   Number         0  stubs.o ABSOLUTE
    _printf_lld                              0x00000000   Number         0  stubs.o ABSOLUTE
    _printf_lli                              0x00000000   Number         0  stubs.o ABSOLUTE
    _printf_llo                              0x00000000   Number         0  stubs.o ABSOLUTE
    _printf_llu                              0x00000000   Number         0  stubs.o ABSOLUTE
    _printf_llx                              0x00000000   Number         0  stubs.o ABSOLUTE
    _printf_longlong_dec                     0x00000000   Number         0  stubs.o ABSOLUTE
    _printf_longlong_hex                     0x00000000   Number         0  stubs.o ABSOLUTE
    _printf_longlong_oct                     0x00000000   Number         0  stubs.o ABSOLUTE
    _printf_ls                               0x00000000   Number         0  stubs.o ABSOLUTE
    _printf_mbtowc                           0x00000000   Number         0  stubs.o ABSOLUTE
    _printf_n                                0x00000000   Number         0  stubs.o ABSOLUTE
    _printf_o                                0x00000000   Number         0  stubs.o ABSOLUTE
    _printf_p                                0x00000000   Number         0  stubs.o ABSOLUTE
    _printf_percent                          0x00000000   Number         0  stubs.o ABSOLUTE
    _printf_pre_padding                      0x00000000   Number         0  stubs.o ABSOLUTE
    _printf_return_value                     0x00000000   Number         0  stubs.o ABSOLUTE
    _printf_s                                0x00000000   Number         0  stubs.o ABSOLUTE
    _printf_sizespec                         0x00000000   Number         0  stubs.o ABSOLUTE
    _printf_str                              0x00000000   Number         0  stubs.o ABSOLUTE
    _printf_truncate_signed                  0x00000000   Number         0  stubs.o ABSOLUTE
    _printf_truncate_unsigned                0x00000000   Number         0  stubs.o ABSOLUTE
    _printf_u                                0x00000000   Number         0  stubs.o ABSOLUTE
    _printf_wc                               0x00000000   Number         0  stubs.o ABSOLUTE
    _printf_wctomb                           0x00000000   Number         0  stubs.o ABSOLUTE
    _printf_widthprec                        0x00000000   Number         0  stubs.o ABSOLUTE
    _printf_x                                0x00000000   Number         0  stubs.o ABSOLUTE
    __cpp_initialize__aeabi_                  - Undefined Weak Reference
    __cxa_finalize                            - Undefined Weak Reference
    __decompress                              - Undefined Weak Reference
    _clock_init                               - Undefined Weak Reference
    _microlib_exit                            - Undefined Weak Reference
    __Vectors_Size                           0x00000130   Number         0  startup_stm32f10x_hd.o ABSOLUTE
    __Vectors                                0x08000000   Data           4  startup_stm32f10x_hd.o(RESET)
    __Vectors_End                            0x08000130   Data           0  startup_stm32f10x_hd.o(RESET)
    __main                                   0x08000131   Thumb Code     0  entry.o(.ARM.Collect$$$$00000000)
    _main_stk                                0x08000131   Thumb Code     0  entry2.o(.ARM.Collect$$$$00000001)
    _main_scatterload                        0x08000135   Thumb Code     0  entry5.o(.ARM.Collect$$$$00000004)
    __main_after_scatterload                 0x08000139   Thumb Code     0  entry5.o(.ARM.Collect$$$$00000004)
    _main_clock                              0x08000139   Thumb Code     0  entry7b.o(.ARM.Collect$$$$00000008)
    _main_cpp_init                           0x08000139   Thumb Code     0  entry8b.o(.ARM.Collect$$$$0000000A)
    _main_init                               0x08000139   Thumb Code     0  entry9a.o(.ARM.Collect$$$$0000000B)
    __rt_final_cpp                           0x08000141   Thumb Code     0  entry10a.o(.ARM.Collect$$$$0000000D)
    __rt_final_exit                          0x08000141   Thumb Code     0  entry11a.o(.ARM.Collect$$$$0000000F)
    RCC_Configuration                        0x08000145   Thumb Code   106  clock_init.o(.text)
    NVIC_Configuration                       0x080001af   Thumb Code   154  clock_init.o(.text)
    delay_init                               0x08000249   Thumb Code    52  clock_init.o(.text)
    DelayMs                                  0x0800027d   Thumb Code    54  clock_init.o(.text)
    DelayUs                                  0x080002b3   Thumb Code    54  clock_init.o(.text)
    Init                                     0x080002f1   Thumb Code    76  main.o(.text)
    main                                     0x0800033d   Thumb Code   334  main.o(.text)
    USART1_IRQHandler                        0x08000561   Thumb Code   254  stm32f10x_it.o(.text)
    USART2_IRQHandler                        0x0800065f   Thumb Code   298  stm32f10x_it.o(.text)
    USART1_Configuration                     0x080007e5   Thumb Code   138  bsp_usart.o(.text)
    USART2_Configuration                     0x0800086f   Thumb Code   134  bsp_usart.o(.text)
    USART3_Configuration                     0x080008f5   Thumb Code   138  bsp_usart.o(.text)
    UART4_Configuration                      0x0800097f   Thumb Code   138  bsp_usart.o(.text)
    UART5_Configuration                      0x08000a09   Thumb Code   142  bsp_usart.o(.text)
    USART_ITDisable                          0x08000a97   Thumb Code    64  bsp_usart.o(.text)
    USART_ITEnable                           0x08000ad7   Thumb Code    64  bsp_usart.o(.text)
    USART_sendBuf                            0x08000b17   Thumb Code    42  bsp_usart.o(.text)
    PWMTIM_Configuration                     0x08000b65   Thumb Code   136  bsp_pwm.o(.text)
    PWM_Configuration                        0x08000bed   Thumb Code    58  bsp_pwm.o(.text)
    COMPASS_HMC5883L_Write                   0x08000c35   Thumb Code    22  bsp_hmc5883l.o(.text)
    COMPASS_Init                             0x08000c4b   Thumb Code    74  bsp_hmc5883l.o(.text)
    COMPASS_Read                             0x08000c95   Thumb Code   190  bsp_hmc5883l.o(.text)
    IIC_Init                                 0x08000d69   Thumb Code    90  bsp_myiic.o(.text)
    IIC_Start                                0x08000dc3   Thumb Code    46  bsp_myiic.o(.text)
    IIC_Stop                                 0x08000df1   Thumb Code    54  bsp_myiic.o(.text)
    IIC_WaitAck                              0x08000e27   Thumb Code    66  bsp_myiic.o(.text)
    IIC_Ack                                  0x08000e69   Thumb Code    54  bsp_myiic.o(.text)
    IIC_NoAck                                0x08000e9f   Thumb Code    54  bsp_myiic.o(.text)
    IIC_SendByte                             0x08000ed5   Thumb Code    90  bsp_myiic.o(.text)
    IIC_ReadByte                             0x08000f2f   Thumb Code    80  bsp_myiic.o(.text)
    IIC_SingleWrite                          0x08000f7f   Thumb Code    70  bsp_myiic.o(.text)
    IIC_SingleRead                           0x08000fc5   Thumb Code    92  bsp_myiic.o(.text)
    IIC_MultRead                             0x08001021   Thumb Code   128  bsp_myiic.o(.text)
    SERVOS_Init                              0x080010a1   Thumb Code   196  bsp_servos.o(.text)
    SERVOS_SetPulse                          0x08001165   Thumb Code     6  bsp_servos.o(.text)
    s3010_SeTAngle                           0x0800116b   Thumb Code   112  bsp_servos.o(.text)
    TIM3_IRQHandler                          0x080011db   Thumb Code    90  bsp_servos.o(.text)
    ULTRASONIC_Read                          0x08001251   Thumb Code    46  bsp_ultrasonic.o(.text)
    USART3_IRQHandler                        0x0800127f   Thumb Code   112  bsp_ultrasonic.o(.text)
    UART4_IRQHandler                         0x080012ef   Thumb Code   112  bsp_ultrasonic.o(.text)
    UART5_IRQHandler                         0x0800135f   Thumb Code   112  bsp_ultrasonic.o(.text)
    SystemInit                               0x080014e1   Thumb Code    78  system_stm32f10x.o(.text)
    SystemCoreClockUpdate                    0x0800152f   Thumb Code   142  system_stm32f10x.o(.text)
    FLASH_SetLatency                         0x080015e1   Thumb Code    18  stm32f10x_flash.o(.text)
    FLASH_HalfCycleAccessCmd                 0x080015f3   Thumb Code    22  stm32f10x_flash.o(.text)
    FLASH_PrefetchBufferCmd                  0x08001609   Thumb Code    22  stm32f10x_flash.o(.text)
    FLASH_Unlock                             0x0800161f   Thumb Code    12  stm32f10x_flash.o(.text)
    FLASH_UnlockBank1                        0x0800162b   Thumb Code    12  stm32f10x_flash.o(.text)
    FLASH_Lock                               0x08001637   Thumb Code    14  stm32f10x_flash.o(.text)
    FLASH_LockBank1                          0x08001645   Thumb Code    14  stm32f10x_flash.o(.text)
    FLASH_GetBank1Status                     0x08001653   Thumb Code    48  stm32f10x_flash.o(.text)
    FLASH_WaitForLastOperation               0x08001683   Thumb Code    38  stm32f10x_flash.o(.text)
    FLASH_ErasePage                          0x080016a9   Thumb Code    72  stm32f10x_flash.o(.text)
    FLASH_EraseAllPages                      0x080016f1   Thumb Code    68  stm32f10x_flash.o(.text)
    FLASH_WaitForLastBank1Operation          0x08001735   Thumb Code    38  stm32f10x_flash.o(.text)
    FLASH_EraseAllBank1Pages                 0x0800175b   Thumb Code    68  stm32f10x_flash.o(.text)
    FLASH_GetReadOutProtectionStatus         0x0800179f   Thumb Code    20  stm32f10x_flash.o(.text)
    FLASH_EraseOptionBytes                   0x080017b3   Thumb Code   150  stm32f10x_flash.o(.text)
    FLASH_ProgramWord                        0x08001849   Thumb Code   102  stm32f10x_flash.o(.text)
    FLASH_ProgramHalfWord                    0x080018af   Thumb Code    60  stm32f10x_flash.o(.text)
    FLASH_ProgramOptionByteData              0x080018eb   Thumb Code    72  stm32f10x_flash.o(.text)
    FLASH_EnableWriteProtection              0x08001933   Thumb Code   200  stm32f10x_flash.o(.text)
    FLASH_ReadOutProtection                  0x080019fb   Thumb Code   156  stm32f10x_flash.o(.text)
    FLASH_UserOptionByteConfig               0x08001a97   Thumb Code    88  stm32f10x_flash.o(.text)
    FLASH_GetUserOptionByte                  0x08001aef   Thumb Code     8  stm32f10x_flash.o(.text)
    FLASH_GetWriteProtectionOptionByte       0x08001af7   Thumb Code     6  stm32f10x_flash.o(.text)
    FLASH_GetPrefetchBufferStatus            0x08001afd   Thumb Code    20  stm32f10x_flash.o(.text)
    FLASH_ITConfig                           0x08001b11   Thumb Code    26  stm32f10x_flash.o(.text)
    FLASH_GetFlagStatus                      0x08001b2b   Thumb Code    42  stm32f10x_flash.o(.text)
    FLASH_ClearFlag                          0x08001b55   Thumb Code     6  stm32f10x_flash.o(.text)
    FLASH_GetStatus                          0x08001b5b   Thumb Code    48  stm32f10x_flash.o(.text)
    GPIO_DeInit                              0x08001b9d   Thumb Code   172  stm32f10x_gpio.o(.text)
    GPIO_AFIODeInit                          0x08001c49   Thumb Code    20  stm32f10x_gpio.o(.text)
    GPIO_Init                                0x08001c5d   Thumb Code   274  stm32f10x_gpio.o(.text)
    GPIO_StructInit                          0x08001d6f   Thumb Code    16  stm32f10x_gpio.o(.text)
    GPIO_ReadInputDataBit                    0x08001d7f   Thumb Code    18  stm32f10x_gpio.o(.text)
    GPIO_ReadInputData                       0x08001d91   Thumb Code     8  stm32f10x_gpio.o(.text)
    GPIO_ReadOutputDataBit                   0x08001d99   Thumb Code    18  stm32f10x_gpio.o(.text)
    GPIO_ReadOutputData                      0x08001dab   Thumb Code     8  stm32f10x_gpio.o(.text)
    GPIO_SetBits                             0x08001db3   Thumb Code     4  stm32f10x_gpio.o(.text)
    GPIO_ResetBits                           0x08001db7   Thumb Code     4  stm32f10x_gpio.o(.text)
    GPIO_WriteBit                            0x08001dbb   Thumb Code    10  stm32f10x_gpio.o(.text)
    GPIO_Write                               0x08001dc5   Thumb Code     4  stm32f10x_gpio.o(.text)
    GPIO_PinLockConfig                       0x08001dc9   Thumb Code    18  stm32f10x_gpio.o(.text)
    GPIO_EventOutputConfig                   0x08001ddb   Thumb Code    26  stm32f10x_gpio.o(.text)
    GPIO_EventOutputCmd                      0x08001df5   Thumb Code     6  stm32f10x_gpio.o(.text)
    GPIO_PinRemapConfig                      0x08001dfb   Thumb Code   138  stm32f10x_gpio.o(.text)
    GPIO_EXTILineConfig                      0x08001e85   Thumb Code    66  stm32f10x_gpio.o(.text)
    GPIO_ETH_MediaInterfaceConfig            0x08001ec7   Thumb Code     6  stm32f10x_gpio.o(.text)
    RCC_DeInit                               0x08001ef5   Thumb Code    64  stm32f10x_rcc.o(.text)
    RCC_HSEConfig                            0x08001f35   Thumb Code    70  stm32f10x_rcc.o(.text)
    RCC_GetFlagStatus                        0x08001f7b   Thumb Code    56  stm32f10x_rcc.o(.text)
    RCC_WaitForHSEStartUp                    0x08001fb3   Thumb Code    56  stm32f10x_rcc.o(.text)
    RCC_AdjustHSICalibrationValue            0x08001feb   Thumb Code    20  stm32f10x_rcc.o(.text)
    RCC_HSICmd                               0x08001fff   Thumb Code     6  stm32f10x_rcc.o(.text)
    RCC_PLLConfig                            0x08002005   Thumb Code    24  stm32f10x_rcc.o(.text)
    RCC_PLLCmd                               0x0800201d   Thumb Code     6  stm32f10x_rcc.o(.text)
    RCC_SYSCLKConfig                         0x08002023   Thumb Code    18  stm32f10x_rcc.o(.text)
    RCC_GetSYSCLKSource                      0x08002035   Thumb Code    10  stm32f10x_rcc.o(.text)
    RCC_HCLKConfig                           0x0800203f   Thumb Code    18  stm32f10x_rcc.o(.text)
    RCC_PCLK1Config                          0x08002051   Thumb Code    18  stm32f10x_rcc.o(.text)
    RCC_PCLK2Config                          0x08002063   Thumb Code    20  stm32f10x_rcc.o(.text)
    RCC_ITConfig                             0x08002077   Thumb Code    26  stm32f10x_rcc.o(.text)
    RCC_USBCLKConfig                         0x08002091   Thumb Code     6  stm32f10x_rcc.o(.text)
    RCC_ADCCLKConfig                         0x08002097   Thumb Code    18  stm32f10x_rcc.o(.text)
    RCC_LSEConfig                            0x080020a9   Thumb Code    44  stm32f10x_rcc.o(.text)
    RCC_LSICmd                               0x080020d5   Thumb Code     6  stm32f10x_rcc.o(.text)
    RCC_RTCCLKConfig                         0x080020db   Thumb Code    12  stm32f10x_rcc.o(.text)
    RCC_RTCCLKCmd                            0x080020e7   Thumb Code     8  stm32f10x_rcc.o(.text)
    RCC_GetClocksFreq                        0x080020ef   Thumb Code   192  stm32f10x_rcc.o(.text)
    RCC_AHBPeriphClockCmd                    0x080021af   Thumb Code    26  stm32f10x_rcc.o(.text)
    RCC_APB2PeriphClockCmd                   0x080021c9   Thumb Code    26  stm32f10x_rcc.o(.text)
    RCC_APB1PeriphClockCmd                   0x080021e3   Thumb Code    26  stm32f10x_rcc.o(.text)
    RCC_APB2PeriphResetCmd                   0x080021fd   Thumb Code    26  stm32f10x_rcc.o(.text)
    RCC_APB1PeriphResetCmd                   0x08002217   Thumb Code    26  stm32f10x_rcc.o(.text)
    RCC_BackupResetCmd                       0x08002231   Thumb Code     8  stm32f10x_rcc.o(.text)
    RCC_ClockSecuritySystemCmd               0x08002239   Thumb Code     6  stm32f10x_rcc.o(.text)
    RCC_MCOConfig                            0x0800223f   Thumb Code     6  stm32f10x_rcc.o(.text)
    RCC_ClearFlag                            0x08002245   Thumb Code    14  stm32f10x_rcc.o(.text)
    RCC_GetITStatus                          0x08002253   Thumb Code    20  stm32f10x_rcc.o(.text)
    RCC_ClearITPendingBit                    0x08002267   Thumb Code     6  stm32f10x_rcc.o(.text)
    NVIC_PriorityGroupConfig                 0x08002299   Thumb Code    10  misc.o(.text)
    NVIC_Init                                0x080022a3   Thumb Code   102  misc.o(.text)
    NVIC_SetVectorTable                      0x08002309   Thumb Code    14  misc.o(.text)
    NVIC_SystemLPConfig                      0x08002317   Thumb Code    34  misc.o(.text)
    SysTick_CLKSourceConfig                  0x08002339   Thumb Code    40  misc.o(.text)
    USART_DeInit                             0x08002375   Thumb Code   134  stm32f10x_usart.o(.text)
    USART_Init                               0x080023fb   Thumb Code   210  stm32f10x_usart.o(.text)
    USART_StructInit                         0x080024cd   Thumb Code    24  stm32f10x_usart.o(.text)
    USART_ClockInit                          0x080024e5   Thumb Code    34  stm32f10x_usart.o(.text)
    USART_ClockStructInit                    0x08002507   Thumb Code    12  stm32f10x_usart.o(.text)
    USART_Cmd                                0x08002513   Thumb Code    24  stm32f10x_usart.o(.text)
    USART_ITConfig                           0x0800252b   Thumb Code    74  stm32f10x_usart.o(.text)
    USART_DMACmd                             0x08002575   Thumb Code    18  stm32f10x_usart.o(.text)
    USART_SetAddress                         0x08002587   Thumb Code    18  stm32f10x_usart.o(.text)
    USART_WakeUpConfig                       0x08002599   Thumb Code    18  stm32f10x_usart.o(.text)
    USART_ReceiverWakeUpCmd                  0x080025ab   Thumb Code    24  stm32f10x_usart.o(.text)
    USART_LINBreakDetectLengthConfig         0x080025c3   Thumb Code    18  stm32f10x_usart.o(.text)
    USART_LINCmd                             0x080025d5   Thumb Code    24  stm32f10x_usart.o(.text)
    USART_SendData                           0x080025ed   Thumb Code     8  stm32f10x_usart.o(.text)
    USART_ReceiveData                        0x080025f5   Thumb Code    10  stm32f10x_usart.o(.text)
    USART_SendBreak                          0x080025ff   Thumb Code    10  stm32f10x_usart.o(.text)
    USART_SetGuardTime                       0x08002609   Thumb Code    16  stm32f10x_usart.o(.text)
    USART_SetPrescaler                       0x08002619   Thumb Code    16  stm32f10x_usart.o(.text)
    USART_SmartCardCmd                       0x08002629   Thumb Code    24  stm32f10x_usart.o(.text)
    USART_SmartCardNACKCmd                   0x08002641   Thumb Code    24  stm32f10x_usart.o(.text)
    USART_HalfDuplexCmd                      0x08002659   Thumb Code    24  stm32f10x_usart.o(.text)
    USART_OverSampling8Cmd                   0x08002671   Thumb Code    22  stm32f10x_usart.o(.text)
    USART_OneBitMethodCmd                    0x08002687   Thumb Code    24  stm32f10x_usart.o(.text)
    USART_IrDAConfig                         0x0800269f   Thumb Code    18  stm32f10x_usart.o(.text)
    USART_IrDACmd                            0x080026b1   Thumb Code    24  stm32f10x_usart.o(.text)
    USART_GetFlagStatus                      0x080026c9   Thumb Code    26  stm32f10x_usart.o(.text)
    USART_ClearFlag                          0x080026e3   Thumb Code    18  stm32f10x_usart.o(.text)
    USART_GetITStatus                        0x080026f5   Thumb Code    84  stm32f10x_usart.o(.text)
    USART_ClearITPendingBit                  0x08002749   Thumb Code    52  stm32f10x_usart.o(.text)
    TIM_DeInit                               0x0800277d   Thumb Code   424  stm32f10x_tim.o(.text)
    TIM_TimeBaseInit                         0x08002925   Thumb Code   122  stm32f10x_tim.o(.text)
    TIM_OC1Init                              0x0800299f   Thumb Code   132  stm32f10x_tim.o(.text)
    TIM_OC2Init                              0x08002a23   Thumb Code   154  stm32f10x_tim.o(.text)
    TIM_OC3Init                              0x08002abd   Thumb Code   150  stm32f10x_tim.o(.text)
    TIM_OC4Init                              0x08002b53   Thumb Code   182  stm32f10x_tim.o(.text)
    TIM_SetIC4Prescaler                      0x08002c09   Thumb Code    26  stm32f10x_tim.o(.text)
    TIM_SetIC3Prescaler                      0x08002ca5   Thumb Code    18  stm32f10x_tim.o(.text)
    TIM_SetIC2Prescaler                      0x08002d31   Thumb Code    26  stm32f10x_tim.o(.text)
    TIM_SetIC1Prescaler                      0x08002dcd   Thumb Code    18  stm32f10x_tim.o(.text)
    TIM_ICInit                               0x08002e4b   Thumb Code   150  stm32f10x_tim.o(.text)
    TIM_PWMIConfig                           0x08002ee1   Thumb Code   124  stm32f10x_tim.o(.text)
    TIM_BDTRConfig                           0x08002f5d   Thumb Code    32  stm32f10x_tim.o(.text)
    TIM_TimeBaseStructInit                   0x08002f7d   Thumb Code    18  stm32f10x_tim.o(.text)
    TIM_OCStructInit                         0x08002f8f   Thumb Code    20  stm32f10x_tim.o(.text)
    TIM_ICStructInit                         0x08002fa3   Thumb Code    18  stm32f10x_tim.o(.text)
    TIM_BDTRStructInit                       0x08002fb5   Thumb Code    40  stm32f10x_tim.o(.text)
    TIM_Cmd                                  0x08002fdd   Thumb Code    24  stm32f10x_tim.o(.text)
    TIM_CtrlPWMOutputs                       0x08002ff5   Thumb Code    30  stm32f10x_tim.o(.text)
    TIM_ITConfig                             0x08003013   Thumb Code    18  stm32f10x_tim.o(.text)
    TIM_GenerateEvent                        0x08003025   Thumb Code     4  stm32f10x_tim.o(.text)
    TIM_DMAConfig                            0x08003029   Thumb Code    10  stm32f10x_tim.o(.text)
    TIM_DMACmd                               0x08003033   Thumb Code    18  stm32f10x_tim.o(.text)
    TIM_InternalClockConfig                  0x08003045   Thumb Code    12  stm32f10x_tim.o(.text)
    TIM_SelectInputTrigger                   0x08003051   Thumb Code    18  stm32f10x_tim.o(.text)
    TIM_ITRxExternalClockConfig              0x08003063   Thumb Code    24  stm32f10x_tim.o(.text)
    TIM_TIxExternalClockConfig               0x0800307b   Thumb Code    62  stm32f10x_tim.o(.text)
    TIM_ETRConfig                            0x080030b9   Thumb Code    28  stm32f10x_tim.o(.text)
    TIM_ETRClockMode1Config                  0x080030d5   Thumb Code    54  stm32f10x_tim.o(.text)
    TIM_ETRClockMode2Config                  0x0800310b   Thumb Code    32  stm32f10x_tim.o(.text)
    TIM_PrescalerConfig                      0x0800312b   Thumb Code     6  stm32f10x_tim.o(.text)
    TIM_CounterModeConfig                    0x08003131   Thumb Code    18  stm32f10x_tim.o(.text)
    TIM_EncoderInterfaceConfig               0x08003143   Thumb Code    66  stm32f10x_tim.o(.text)
    TIM_ForcedOC1Config                      0x08003185   Thumb Code    18  stm32f10x_tim.o(.text)
    TIM_ForcedOC2Config                      0x08003197   Thumb Code    26  stm32f10x_tim.o(.text)
    TIM_ForcedOC3Config                      0x080031b1   Thumb Code    18  stm32f10x_tim.o(.text)
    TIM_ForcedOC4Config                      0x080031c3   Thumb Code    26  stm32f10x_tim.o(.text)
    TIM_ARRPreloadConfig                     0x080031dd   Thumb Code    24  stm32f10x_tim.o(.text)
    TIM_SelectCOM                            0x080031f5   Thumb Code    24  stm32f10x_tim.o(.text)
    TIM_SelectCCDMA                          0x0800320d   Thumb Code    24  stm32f10x_tim.o(.text)
    TIM_CCPreloadControl                     0x08003225   Thumb Code    24  stm32f10x_tim.o(.text)
    TIM_OC1PreloadConfig                     0x0800323d   Thumb Code    18  stm32f10x_tim.o(.text)
    TIM_OC2PreloadConfig                     0x0800324f   Thumb Code    26  stm32f10x_tim.o(.text)
    TIM_OC3PreloadConfig                     0x08003269   Thumb Code    18  stm32f10x_tim.o(.text)
    TIM_OC4PreloadConfig                     0x0800327b   Thumb Code    26  stm32f10x_tim.o(.text)
    TIM_OC1FastConfig                        0x08003295   Thumb Code    18  stm32f10x_tim.o(.text)
    TIM_OC2FastConfig                        0x080032a7   Thumb Code    26  stm32f10x_tim.o(.text)
    TIM_OC3FastConfig                        0x080032c1   Thumb Code    18  stm32f10x_tim.o(.text)
    TIM_OC4FastConfig                        0x080032d3   Thumb Code    26  stm32f10x_tim.o(.text)
    TIM_ClearOC1Ref                          0x080032ed   Thumb Code    18  stm32f10x_tim.o(.text)
    TIM_ClearOC2Ref                          0x080032ff   Thumb Code    24  stm32f10x_tim.o(.text)
    TIM_ClearOC3Ref                          0x08003317   Thumb Code    18  stm32f10x_tim.o(.text)
    TIM_ClearOC4Ref                          0x08003329   Thumb Code    24  stm32f10x_tim.o(.text)
    TIM_OC1PolarityConfig                    0x08003341   Thumb Code    18  stm32f10x_tim.o(.text)
    TIM_OC1NPolarityConfig                   0x08003353   Thumb Code    18  stm32f10x_tim.o(.text)
    TIM_OC2PolarityConfig                    0x08003365   Thumb Code    26  stm32f10x_tim.o(.text)
    TIM_OC2NPolarityConfig                   0x0800337f   Thumb Code    26  stm32f10x_tim.o(.text)
    TIM_OC3PolarityConfig                    0x08003399   Thumb Code    26  stm32f10x_tim.o(.text)
    TIM_OC3NPolarityConfig                   0x080033b3   Thumb Code    26  stm32f10x_tim.o(.text)
    TIM_OC4PolarityConfig                    0x080033cd   Thumb Code    26  stm32f10x_tim.o(.text)
    TIM_CCxCmd                               0x080033e7   Thumb Code    30  stm32f10x_tim.o(.text)
    TIM_CCxNCmd                              0x08003405   Thumb Code    30  stm32f10x_tim.o(.text)
    TIM_SelectOCxM                           0x08003423   Thumb Code    82  stm32f10x_tim.o(.text)
    TIM_UpdateDisableConfig                  0x08003475   Thumb Code    24  stm32f10x_tim.o(.text)
    TIM_UpdateRequestConfig                  0x0800348d   Thumb Code    24  stm32f10x_tim.o(.text)
    TIM_SelectHallSensor                     0x080034a5   Thumb Code    24  stm32f10x_tim.o(.text)
    TIM_SelectOnePulseMode                   0x080034bd   Thumb Code    18  stm32f10x_tim.o(.text)
    TIM_SelectOutputTrigger                  0x080034cf   Thumb Code    18  stm32f10x_tim.o(.text)
    TIM_SelectSlaveMode                      0x080034e1   Thumb Code    18  stm32f10x_tim.o(.text)
    TIM_SelectMasterSlaveMode                0x080034f3   Thumb Code    18  stm32f10x_tim.o(.text)
    TIM_SetCounter                           0x08003505   Thumb Code     4  stm32f10x_tim.o(.text)
    TIM_SetAutoreload                        0x08003509   Thumb Code     4  stm32f10x_tim.o(.text)
    TIM_SetCompare1                          0x0800350d   Thumb Code     4  stm32f10x_tim.o(.text)
    TIM_SetCompare2                          0x08003511   Thumb Code     4  stm32f10x_tim.o(.text)
    TIM_SetCompare3                          0x08003515   Thumb Code     4  stm32f10x_tim.o(.text)
    TIM_SetCompare4                          0x08003519   Thumb Code     6  stm32f10x_tim.o(.text)
    TIM_SetClockDivision                     0x0800351f   Thumb Code    18  stm32f10x_tim.o(.text)
    TIM_GetCapture1                          0x08003531   Thumb Code     6  stm32f10x_tim.o(.text)
    TIM_GetCapture2                          0x08003537   Thumb Code     6  stm32f10x_tim.o(.text)
    TIM_GetCapture3                          0x0800353d   Thumb Code     6  stm32f10x_tim.o(.text)
    TIM_GetCapture4                          0x08003543   Thumb Code     8  stm32f10x_tim.o(.text)
    TIM_GetCounter                           0x0800354b   Thumb Code     6  stm32f10x_tim.o(.text)
    TIM_GetPrescaler                         0x08003551   Thumb Code     6  stm32f10x_tim.o(.text)
    TIM_GetFlagStatus                        0x08003557   Thumb Code    18  stm32f10x_tim.o(.text)
    TIM_ClearFlag                            0x08003569   Thumb Code     6  stm32f10x_tim.o(.text)
    TIM_GetITStatus                          0x0800356f   Thumb Code    34  stm32f10x_tim.o(.text)
    TIM_ClearITPendingBit                    0x08003591   Thumb Code     6  stm32f10x_tim.o(.text)
    Reset_Handler                            0x08003599   Thumb Code     8  startup_stm32f10x_hd.o(.text)
    NMI_Handler                              0x080035a1   Thumb Code     2  startup_stm32f10x_hd.o(.text)
    HardFault_Handler                        0x080035a3   Thumb Code     2  startup_stm32f10x_hd.o(.text)
    MemManage_Handler                        0x080035a5   Thumb Code     2  startup_stm32f10x_hd.o(.text)
    BusFault_Handler                         0x080035a7   Thumb Code     2  startup_stm32f10x_hd.o(.text)
    UsageFault_Handler                       0x080035a9   Thumb Code     2  startup_stm32f10x_hd.o(.text)
    SVC_Handler                              0x080035ab   Thumb Code     2  startup_stm32f10x_hd.o(.text)
    DebugMon_Handler                         0x080035ad   Thumb Code     2  startup_stm32f10x_hd.o(.text)
    PendSV_Handler                           0x080035af   Thumb Code     2  startup_stm32f10x_hd.o(.text)
    SysTick_Handler                          0x080035b1   Thumb Code     2  startup_stm32f10x_hd.o(.text)
    ADC1_2_IRQHandler                        0x080035b3   Thumb Code     0  startup_stm32f10x_hd.o(.text)
    ADC3_IRQHandler                          0x080035b3   Thumb Code     0  startup_stm32f10x_hd.o(.text)
    CAN1_RX1_IRQHandler                      0x080035b3   Thumb Code     0  startup_stm32f10x_hd.o(.text)
    CAN1_SCE_IRQHandler                      0x080035b3   Thumb Code     0  startup_stm32f10x_hd.o(.text)
    DMA1_Channel1_IRQHandler                 0x080035b3   Thumb Code     0  startup_stm32f10x_hd.o(.text)
    DMA1_Channel2_IRQHandler                 0x080035b3   Thumb Code     0  startup_stm32f10x_hd.o(.text)
    DMA1_Channel3_IRQHandler                 0x080035b3   Thumb Code     0  startup_stm32f10x_hd.o(.text)
    DMA1_Channel4_IRQHandler                 0x080035b3   Thumb Code     0  startup_stm32f10x_hd.o(.text)
    DMA1_Channel5_IRQHandler                 0x080035b3   Thumb Code     0  startup_stm32f10x_hd.o(.text)
    DMA1_Channel6_IRQHandler                 0x080035b3   Thumb Code     0  startup_stm32f10x_hd.o(.text)
    DMA1_Channel7_IRQHandler                 0x080035b3   Thumb Code     0  startup_stm32f10x_hd.o(.text)
    DMA2_Channel1_IRQHandler                 0x080035b3   Thumb Code     0  startup_stm32f10x_hd.o(.text)
    DMA2_Channel2_IRQHandler                 0x080035b3   Thumb Code     0  startup_stm32f10x_hd.o(.text)
    DMA2_Channel3_IRQHandler                 0x080035b3   Thumb Code     0  startup_stm32f10x_hd.o(.text)
    DMA2_Channel4_5_IRQHandler               0x080035b3   Thumb Code     0  startup_stm32f10x_hd.o(.text)
    EXTI0_IRQHandler                         0x080035b3   Thumb Code     0  startup_stm32f10x_hd.o(.text)
    EXTI15_10_IRQHandler                     0x080035b3   Thumb Code     0  startup_stm32f10x_hd.o(.text)
    EXTI1_IRQHandler                         0x080035b3   Thumb Code     0  startup_stm32f10x_hd.o(.text)
    EXTI2_IRQHandler                         0x080035b3   Thumb Code     0  startup_stm32f10x_hd.o(.text)
    EXTI3_IRQHandler                         0x080035b3   Thumb Code     0  startup_stm32f10x_hd.o(.text)
    EXTI4_IRQHandler                         0x080035b3   Thumb Code     0  startup_stm32f10x_hd.o(.text)
    EXTI9_5_IRQHandler                       0x080035b3   Thumb Code     0  startup_stm32f10x_hd.o(.text)
    FLASH_IRQHandler                         0x080035b3   Thumb Code     0  startup_stm32f10x_hd.o(.text)
    FSMC_IRQHandler                          0x080035b3   Thumb Code     0  startup_stm32f10x_hd.o(.text)
    I2C1_ER_IRQHandler                       0x080035b3   Thumb Code     0  startup_stm32f10x_hd.o(.text)
    I2C1_EV_IRQHandler                       0x080035b3   Thumb Code     0  startup_stm32f10x_hd.o(.text)
    I2C2_ER_IRQHandler                       0x080035b3   Thumb Code     0  startup_stm32f10x_hd.o(.text)
    I2C2_EV_IRQHandler                       0x080035b3   Thumb Code     0  startup_stm32f10x_hd.o(.text)
    PVD_IRQHandler                           0x080035b3   Thumb Code     0  startup_stm32f10x_hd.o(.text)
    RCC_IRQHandler                           0x080035b3   Thumb Code     0  startup_stm32f10x_hd.o(.text)
    RTCAlarm_IRQHandler                      0x080035b3   Thumb Code     0  startup_stm32f10x_hd.o(.text)
    RTC_IRQHandler                           0x080035b3   Thumb Code     0  startup_stm32f10x_hd.o(.text)
    SDIO_IRQHandler                          0x080035b3   Thumb Code     0  startup_stm32f10x_hd.o(.text)
    SPI1_IRQHandler                          0x080035b3   Thumb Code     0  startup_stm32f10x_hd.o(.text)
    SPI2_IRQHandler                          0x080035b3   Thumb Code     0  startup_stm32f10x_hd.o(.text)
    SPI3_IRQHandler                          0x080035b3   Thumb Code     0  startup_stm32f10x_hd.o(.text)
    TAMPER_IRQHandler                        0x080035b3   Thumb Code     0  startup_stm32f10x_hd.o(.text)
    TIM1_BRK_IRQHandler                      0x080035b3   Thumb Code     0  startup_stm32f10x_hd.o(.text)
    TIM1_CC_IRQHandler                       0x080035b3   Thumb Code     0  startup_stm32f10x_hd.o(.text)
    TIM1_TRG_COM_IRQHandler                  0x080035b3   Thumb Code     0  startup_stm32f10x_hd.o(.text)
    TIM1_UP_IRQHandler                       0x080035b3   Thumb Code     0  startup_stm32f10x_hd.o(.text)
    TIM2_IRQHandler                          0x080035b3   Thumb Code     0  startup_stm32f10x_hd.o(.text)
    TIM4_IRQHandler                          0x080035b3   Thumb Code     0  startup_stm32f10x_hd.o(.text)
    TIM5_IRQHandler                          0x080035b3   Thumb Code     0  startup_stm32f10x_hd.o(.text)
    TIM6_IRQHandler                          0x080035b3   Thumb Code     0  startup_stm32f10x_hd.o(.text)
    TIM7_IRQHandler                          0x080035b3   Thumb Code     0  startup_stm32f10x_hd.o(.text)
    TIM8_BRK_IRQHandler                      0x080035b3   Thumb Code     0  startup_stm32f10x_hd.o(.text)
    TIM8_CC_IRQHandler                       0x080035b3   Thumb Code     0  startup_stm32f10x_hd.o(.text)
    TIM8_TRG_COM_IRQHandler                  0x080035b3   Thumb Code     0  startup_stm32f10x_hd.o(.text)
    TIM8_UP_IRQHandler                       0x080035b3   Thumb Code     0  startup_stm32f10x_hd.o(.text)
    USBWakeUp_IRQHandler                     0x080035b3   Thumb Code     0  startup_stm32f10x_hd.o(.text)
    USB_HP_CAN1_TX_IRQHandler                0x080035b3   Thumb Code     0  startup_stm32f10x_hd.o(.text)
    USB_LP_CAN1_RX0_IRQHandler               0x080035b3   Thumb Code     0  startup_stm32f10x_hd.o(.text)
    WWDG_IRQHandler                          0x080035b3   Thumb Code     0  startup_stm32f10x_hd.o(.text)
    strtol                                   0x080035bd   Thumb Code   112  strtol.o(.text)
    __aeabi_dadd                             0x0800362d   Thumb Code   322  dadd.o(.text)
    __aeabi_dsub                             0x0800376f   Thumb Code     6  dadd.o(.text)
    __aeabi_drsub                            0x08003775   Thumb Code     6  dadd.o(.text)
    __aeabi_dmul                             0x0800377b   Thumb Code   228  dmul.o(.text)
    __aeabi_ddiv                             0x0800385f   Thumb Code   222  ddiv.o(.text)
    __aeabi_i2d                              0x0800393d   Thumb Code    34  dflti.o(.text)
    __aeabi_ui2d                             0x0800395f   Thumb Code    26  dfltui.o(.text)
    __aeabi_d2iz                             0x08003979   Thumb Code    62  dfixi.o(.text)
    __aeabi_d2uiz                            0x080039b7   Thumb Code    50  dfixui.o(.text)
    __aeabi_f2d                              0x080039e9   Thumb Code    38  f2d.o(.text)
    __aeabi_cdcmpeq                          0x08003a11   Thumb Code     0  cdcmple.o(.text)
    __aeabi_cdcmple                          0x08003a11   Thumb Code    38  cdcmple.o(.text)
    __aeabi_cdrcmple                         0x08003a39   Thumb Code    38  cdrcmple.o(.text)
    __aeabi_uidiv                            0x08003a61   Thumb Code     0  uidiv.o(.text)
    __aeabi_uidivmod                         0x08003a61   Thumb Code    44  uidiv.o(.text)
    __aeabi_uldivmod                         0x08003a8d   Thumb Code    98  uldiv.o(.text)
    __aeabi_llsl                             0x08003aef   Thumb Code    30  llshl.o(.text)
    _ll_shift_l                              0x08003aef   Thumb Code     0  llshl.o(.text)
    __aeabi_llsr                             0x08003b0d   Thumb Code    32  llushr.o(.text)
    _ll_ushift_r                             0x08003b0d   Thumb Code     0  llushr.o(.text)
    __aeabi_lasr                             0x08003b2d   Thumb Code    36  llsshr.o(.text)
    _ll_sshift_r                             0x08003b2d   Thumb Code     0  llsshr.o(.text)
    __rt_ctype_table                         0x08003b51   Thumb Code     4  ctype_o.o(.text)
    isspace                                  0x08003b59   Thumb Code    18  isspace_o.o(.text)
    _strtoul                                 0x08003b6b   Thumb Code   158  _strtoul.o(.text)
    __strtod_int                             0x08003c3f   Thumb Code    88  strtod.o(.text)
    __I$use$fp                               0x08003ca5   Thumb Code     0  iusefp.o(.text)
    _double_round                            0x08003ca5   Thumb Code    26  depilogue.o(.text)
    _double_epilogue                         0x08003cbf   Thumb Code   164  depilogue.o(.text)
    __aeabi_d2ulz                            0x08003d63   Thumb Code    48  dfixul.o(.text)
    __aeabi_d2f                              0x08003d93   Thumb Code    56  d2f.o(.text)
    __scatterload                            0x08003dcd   Thumb Code    28  init.o(.text)
    __scatterload_rt2                        0x08003dcd   Thumb Code     0  init.o(.text)
    _chval                                   0x08003df1   Thumb Code    28  _chval.o(.text)
    _scanf_real                              0x08003f0d   Thumb Code     0  scanf_fp.o(.text)
    _scanf_really_real                       0x08003f0d   Thumb Code   560  scanf_fp.o(.text)
    _sgetc                                   0x08004149   Thumb Code    30  _sgetc.o(.text)
    _sbackspace                              0x08004167   Thumb Code    34  _sgetc.o(.text)
    _float_round                             0x08004189   Thumb Code    18  fepilogue.o(.text)
    _float_epilogue                          0x0800419b   Thumb Code    90  fepilogue.o(.text)
    __ARM_scalbn                             0x080041f5   Thumb Code    46  dscalb.o(.text)
    scalbn                                   0x080041f5   Thumb Code     0  dscalb.o(.text)
    __aeabi_ul2d                             0x08004223   Thumb Code    24  dfltul.o(.text)
    IIC_delay                                0x0800423b   Thumb Code    14  bsp_myiic.o(i.IIC_delay)
    __0sprintf                               0x08004249   Thumb Code    34  printfa.o(i.__0sprintf)
    __1sprintf                               0x08004249   Thumb Code     0  printfa.o(i.__0sprintf)
    __2sprintf                               0x08004249   Thumb Code     0  printfa.o(i.__0sprintf)
    __c89sprintf                             0x08004249   Thumb Code     0  printfa.o(i.__0sprintf)
    sprintf                                  0x08004249   Thumb Code     0  printfa.o(i.__0sprintf)
    __ARM_fpclassify                         0x08004271   Thumb Code    40  fpclassify.o(i.__ARM_fpclassify)
    __aeabi_errno_addr                       0x08004299   Thumb Code     4  errno.o(i.__aeabi_errno_addr)
    __rt_errno_addr                          0x08004299   Thumb Code     0  errno.o(i.__aeabi_errno_addr)
    __kernel_poly                            0x080042a1   Thumb Code   170  poly.o(i.__kernel_poly)
    __mathlib_dbl_underflow                  0x0800434d   Thumb Code    10  dunder.o(i.__mathlib_dbl_underflow)
    __scatterload_copy                       0x0800435d   Thumb Code    14  handlers.o(i.__scatterload_copy)
    __scatterload_null                       0x0800436b   Thumb Code     2  handlers.o(i.__scatterload_null)
    __scatterload_zeroinit                   0x0800436d   Thumb Code    14  handlers.o(i.__scatterload_zeroinit)
    _is_digit                                0x080044d9   Thumb Code    14  scanf_fp.o(i._is_digit)
    atan                                     0x08004c39   Thumb Code   478  atan.o(i.atan)
    atan2                                    0x08004e5d   Thumb Code   346  atan2.o(i.atan2)
    strtof                                   0x08004fdd   Thumb Code    34  strtof.o(i.strtof)
    __mathlib_zero                           0x08005098   Data           8  qnan.o(.constdata)
    __ctype_table                            0x080050a0   Data         129  ctype_o.o(.constdata)
    Region$$Table$$Base                      0x08005128   Number         0  anon$$obj.o(Region$$Table)
    Region$$Table$$Limit                     0x08005148   Number         0  anon$$obj.o(Region$$Table)
    MOTOR_Speed                              0x20000010   Data           8  main.o(.data)
    SERVOS_Angle                             0x20000018   Data           8  main.o(.data)
    COMPASS_Angle                            0x20000020   Data           8  main.o(.data)
    state                                    0x20000028   Data           4  main.o(.data)
    ULTRASONIC_Dist1                         0x20000030   Data           8  main.o(.data)
    ULTRASONIC_Dist2                         0x20000038   Data           8  main.o(.data)
    ULTRASONIC_Dist3                         0x20000040   Data           8  main.o(.data)
    total_num                                0x20000048   Data           4  main.o(.data)
    count                                    0x2000004c   Data           4  stm32f10x_it.o(.data)
    num                                      0x20000050   Data           4  stm32f10x_it.o(.data)
    SERVOS_Struct                            0x20000054   Data           2  bsp_servos.o(.data)
    rdist3                                   0x2000005a   Data           2  bsp_ultrasonic.o(.data)
    rdist4                                   0x2000005c   Data           2  bsp_ultrasonic.o(.data)
    rdist5                                   0x2000005e   Data           2  bsp_ultrasonic.o(.data)
    i                                        0x20000060   Data           1  bsp_ultrasonic.o(.data)
    j                                        0x20000061   Data           1  bsp_ultrasonic.o(.data)
    k                                        0x20000062   Data           1  bsp_ultrasonic.o(.data)
    l                                        0x20000063   Data           1  bsp_ultrasonic.o(.data)
    SystemCoreClock                          0x20000064   Data           4  system_stm32f10x.o(.data)
    AHBPrescTable                            0x20000068   Data          16  system_stm32f10x.o(.data)
    x                                        0x20000090   Data        2048  main.o(.bss)
    y                                        0x20000890   Data        2048  main.o(.bss)
    buf                                      0x20001090   Data         250  main.o(.bss)
    COMPASS_Struct                           0x2000118c   Data          24  bsp_hmc5883l.o(.bss)
    __initial_sp                             0x200015a8   Data           0  startup_stm32f10x_hd.o(STACK)



==============================================================================

Memory Map of the image

  Image Entry point : 0x08000131

  Load Region LR_IROM1 (Base: 0x08000000, Size: 0x000051d8, Max: 0x00080000, ABSOLUTE)

    Execution Region ER_IROM1 (Base: 0x08000000, Size: 0x00005148, Max: 0x00080000, ABSOLUTE)

    Base Addr    Size         Type   Attr      Idx    E Section Name        Object

    0x08000000   0x00000130   Data   RO          397    RESET               startup_stm32f10x_hd.o
    0x08000130   0x00000000   Code   RO          414  * .ARM.Collect$$$$00000000  mc_w.l(entry.o)
    0x08000130   0x00000004   Code   RO          711    .ARM.Collect$$$$00000001  mc_w.l(entry2.o)
    0x08000134   0x00000004   Code   RO          714    .ARM.Collect$$$$00000004  mc_w.l(entry5.o)
    0x08000138   0x00000000   Code   RO          716    .ARM.Collect$$$$00000008  mc_w.l(entry7b.o)
    0x08000138   0x00000000   Code   RO          718    .ARM.Collect$$$$0000000A  mc_w.l(entry8b.o)
    0x08000138   0x00000008   Code   RO          719    .ARM.Collect$$$$0000000B  mc_w.l(entry9a.o)
    0x08000140   0x00000000   Code   RO          721    .ARM.Collect$$$$0000000D  mc_w.l(entry10a.o)
    0x08000140   0x00000000   Code   RO          723    .ARM.Collect$$$$0000000F  mc_w.l(entry11a.o)
    0x08000140   0x00000004   Code   RO          712    .ARM.Collect$$$$00002712  mc_w.l(entry2.o)
    0x08000144   0x000001ac   Code   RO            1    .text               clock_init.o
    0x080002f0   0x00000270   Code   RO          106    .text               main.o
    0x08000560   0x00000284   Code   RO          147    .text               stm32f10x_it.o
    0x080007e4   0x00000380   Code   RO          166    .text               bsp_usart.o
    0x08000b64   0x000000d0   Code   RO          178    .text               bsp_pwm.o
    0x08000c34   0x00000134   Code   RO          193    .text               bsp_hmc5883l.o
    0x08000d68   0x00000338   Code   RO          217    .text               bsp_myiic.o
    0x080010a0   0x000001b0   Code   RO          239    .text               bsp_servos.o
    0x08001250   0x000001b4   Code   RO          257    .text               bsp_ultrasonic.o
    0x08001404   0x000001dc   Code   RO          284    .text               system_stm32f10x.o
    0x080015e0   0x000005bc   Code   RO          321    .text               stm32f10x_flash.o
    0x08001b9c   0x00000358   Code   RO          333    .text               stm32f10x_gpio.o
    0x08001ef4   0x000003a4   Code   RO          345    .text               stm32f10x_rcc.o
    0x08002298   0x000000dc   Code   RO          359    .text               misc.o
    0x08002374   0x00000408   Code   RO          371    .text               stm32f10x_usart.o
    0x0800277c   0x00000e1a   Code   RO          383    .text               stm32f10x_tim.o
    0x08003596   0x00000002   PAD
    0x08003598   0x00000024   Code   RO          398    .text               startup_stm32f10x_hd.o
    0x080035bc   0x00000070   Code   RO          678    .text               mc_w.l(strtol.o)
    0x0800362c   0x0000014e   Code   RO          680    .text               mf_w.l(dadd.o)
    0x0800377a   0x000000e4   Code   RO          682    .text               mf_w.l(dmul.o)
    0x0800385e   0x000000de   Code   RO          684    .text               mf_w.l(ddiv.o)
    0x0800393c   0x00000022   Code   RO          686    .text               mf_w.l(dflti.o)
    0x0800395e   0x0000001a   Code   RO          688    .text               mf_w.l(dfltui.o)
    0x08003978   0x0000003e   Code   RO          690    .text               mf_w.l(dfixi.o)
    0x080039b6   0x00000032   Code   RO          692    .text               mf_w.l(dfixui.o)
    0x080039e8   0x00000026   Code   RO          694    .text               mf_w.l(f2d.o)
    0x08003a0e   0x00000002   PAD
    0x08003a10   0x00000028   Code   RO          696    .text               mf_w.l(cdcmple.o)
    0x08003a38   0x00000028   Code   RO          698    .text               mf_w.l(cdrcmple.o)
    0x08003a60   0x0000002c   Code   RO          728    .text               mc_w.l(uidiv.o)
    0x08003a8c   0x00000062   Code   RO          730    .text               mc_w.l(uldiv.o)
    0x08003aee   0x0000001e   Code   RO          732    .text               mc_w.l(llshl.o)
    0x08003b0c   0x00000020   Code   RO          734    .text               mc_w.l(llushr.o)
    0x08003b2c   0x00000024   Code   RO          736    .text               mc_w.l(llsshr.o)
    0x08003b50   0x00000008   Code   RO          738    .text               mc_w.l(ctype_o.o)
    0x08003b58   0x00000012   Code   RO          760    .text               mc_w.l(isspace_o.o)
    0x08003b6a   0x0000009e   Code   RO          773    .text               mc_w.l(_strtoul.o)
    0x08003c08   0x0000009c   Code   RO          775    .text               mc_w.l(strtod.o)
    0x08003ca4   0x00000000   Code   RO          777    .text               mc_w.l(iusefp.o)
    0x08003ca4   0x000000be   Code   RO          778    .text               mf_w.l(depilogue.o)
    0x08003d62   0x00000030   Code   RO          780    .text               mf_w.l(dfixul.o)
    0x08003d92   0x00000038   Code   RO          782    .text               mf_w.l(d2f.o)
    0x08003dca   0x00000002   PAD
    0x08003dcc   0x00000024   Code   RO          790    .text               mc_w.l(init.o)
    0x08003df0   0x0000001c   Code   RO          795    .text               mc_w.l(_chval.o)
    0x08003e0c   0x0000033c   Code   RO          797    .text               mc_w.l(scanf_fp.o)
    0x08004148   0x00000040   Code   RO          801    .text               mc_w.l(_sgetc.o)
    0x08004188   0x0000006c   Code   RO          804    .text               mf_w.l(fepilogue.o)
    0x080041f4   0x0000002e   Code   RO          806    .text               mf_w.l(dscalb.o)
    0x08004222   0x00000018   Code   RO          811    .text               mf_w.l(dfltul.o)
    0x0800423a   0x0000000e   Code   RO          228    i.IIC_delay         bsp_myiic.o
    0x08004248   0x00000028   Code   RO          652    i.__0sprintf        mc_w.l(printfa.o)
    0x08004270   0x00000028   Code   RO          786    i.__ARM_fpclassify  m_ws.l(fpclassify.o)
    0x08004298   0x00000008   Code   RO          766    i.__aeabi_errno_addr  mc_w.l(errno.o)
    0x080042a0   0x000000aa   Code   RO          788    i.__kernel_poly     m_ws.l(poly.o)
    0x0800434a   0x00000002   PAD
    0x0800434c   0x00000010   Code   RO          784    i.__mathlib_dbl_underflow  m_ws.l(dunder.o)
    0x0800435c   0x0000000e   Code   RO          815    i.__scatterload_copy  mc_w.l(handlers.o)
    0x0800436a   0x00000002   Code   RO          816    i.__scatterload_null  mc_w.l(handlers.o)
    0x0800436c   0x0000000e   Code   RO          817    i.__scatterload_zeroinit  mc_w.l(handlers.o)
    0x0800437a   0x00000002   PAD
    0x0800437c   0x0000015c   Code   RO          657    i._fp_digits        mc_w.l(printfa.o)
    0x080044d8   0x0000000e   Code   RO          799    i._is_digit         mc_w.l(scanf_fp.o)
    0x080044e6   0x00000002   PAD
    0x080044e8   0x000006f0   Code   RO          658    i._printf_core      mc_w.l(printfa.o)
    0x08004bd8   0x00000026   Code   RO          659    i._printf_post_padding  mc_w.l(printfa.o)
    0x08004bfe   0x00000030   Code   RO          660    i._printf_pre_padding  mc_w.l(printfa.o)
    0x08004c2e   0x0000000a   Code   RO          662    i._sputc            mc_w.l(printfa.o)
    0x08004c38   0x00000224   Code   RO          701    i.atan              m_ws.l(atan.o)
    0x08004e5c   0x00000180   Code   RO          403    i.atan2             m_ws.l(atan2.o)
    0x08004fdc   0x00000022   Code   RO          411    i.strtof            m_ws.l(strtof.o)
    0x08004ffe   0x00000002   PAD
    0x08005000   0x00000098   Data   RO          702    .constdata          m_ws.l(atan.o)
    0x08005098   0x00000008   Data   RO          710    .constdata          m_ws.l(qnan.o)
    0x080050a0   0x00000081   Data   RO          739    .constdata          mc_w.l(ctype_o.o)
    0x08005121   0x00000003   PAD
    0x08005124   0x00000004   Data   RO          740    .constdata          mc_w.l(ctype_o.o)
    0x08005128   0x00000020   Data   RO          813    Region$$Table       anon$$obj.o


    Execution Region RW_IRAM1 (Base: 0x20000000, Size: 0x000015a8, Max: 0x00010000, ABSOLUTE)

    Base Addr    Size         Type   Attr      Idx    E Section Name        Object

    0x20000000   0x00000004   Data   RW            2    .data               clock_init.o
    0x20000004   0x00000004   PAD
    0x20000008   0x00000044   Data   RW          108    .data               main.o
    0x2000004c   0x00000008   Data   RW          148    .data               stm32f10x_it.o
    0x20000054   0x00000002   Data   RW          240    .data               bsp_servos.o
    0x20000056   0x0000000e   Data   RW          258    .data               bsp_ultrasonic.o
    0x20000064   0x00000014   Data   RW          285    .data               system_stm32f10x.o
    0x20000078   0x00000014   Data   RW          346    .data               stm32f10x_rcc.o
    0x2000008c   0x00000004   Data   RW          769    .data               mc_w.l(errno.o)
    0x20000090   0x000010fa   Zero   RW          107    .bss                main.o
    0x2000118a   0x00000002   PAD
    0x2000118c   0x00000018   Zero   RW          194    .bss                bsp_hmc5883l.o
    0x200011a4   0x00000004   PAD
    0x200011a8   0x00000400   Zero   RW          395    STACK               startup_stm32f10x_hd.o


==============================================================================

Image component sizes


      Code (inc. data)   RO Data    RW Data    ZI Data      Debug   Object Name

       308         22          0          0         24       2688   bsp_hmc5883l.o
       838          0          0          0          0       3978   bsp_myiic.o
       208         14          0          0          0        909   bsp_pwm.o
       432         28          0          2          0       2037   bsp_servos.o
       436         54          0         14          0       1750   bsp_ultrasonic.o
       896         36          0          0          0       2514   bsp_usart.o
       428          8          0          4          0     259942   clock_init.o
         0          0          0          0          0         32   core_cm3.o
       624        214          0         68       4346       2938   main.o
       220         20          0          0          0       1701   misc.o
        36          8        304          0       1024        732   startup_stm32f10x_hd.o
      1468         34          0          0          0       7934   stm32f10x_flash.o
       856         40          0          0          0       5545   stm32f10x_gpio.o
       644         92          0          8          0       1034   stm32f10x_it.o
       932         44          0         20          0       8668   stm32f10x_rcc.o
      3610         88          0          0          0      22032   stm32f10x_tim.o
      1032         22          0          0          0       8272   stm32f10x_usart.o
       476         36          0         20          0       1643   system_stm32f10x.o

    ----------------------------------------------------------------------
     13446        760        336        140       5400     334349   Object Totals
         0          0         32          0          0          0   (incl. Generated)
         2          0          0          4          6          0   (incl. Padding)

    ----------------------------------------------------------------------

      Code (inc. data)   RO Data    RW Data    ZI Data      Debug   Library Member Name

       548         70        152          0          0        124   atan.o
       384         38          0          0          0        144   atan2.o
        16          6          0          0          0         68   dunder.o
        40          0          0          0          0         68   fpclassify.o
       170          0          0          0          0         96   poly.o
         0          0          8          0          0          0   qnan.o
        34          0          0          0          0         84   strtof.o
        28          0          0          0          0         68   _chval.o
        64          0          0          0          0         84   _sgetc.o
       158          0          0          0          0         92   _strtoul.o
         8          4        133          0          0         68   ctype_o.o
         0          0          0          0          0          0   entry.o
         0          0          0          0          0          0   entry10a.o
         0          0          0          0          0          0   entry11a.o
         8          4          0          0          0          0   entry2.o
         4          0          0          0          0          0   entry5.o
         0          0          0          0          0          0   entry7b.o
         0          0          0          0          0          0   entry8b.o
         8          4          0          0          0          0   entry9a.o
         8          4          0          4          0         68   errno.o
        30          0          0          0          0          0   handlers.o
        36          8          0          0          0         68   init.o
        18          0          0          0          0         76   isspace_o.o
         0          0          0          0          0          0   iusefp.o
        30          0          0          0          0         68   llshl.o
        36          0          0          0          0         68   llsshr.o
        32          0          0          0          0         68   llushr.o
      2260         86          0          0          0        512   printfa.o
       842         12          0          0          0        216   scanf_fp.o
       156         14          0          0          0        120   strtod.o
       112          0          0          0          0         88   strtol.o
        44          0          0          0          0         80   uidiv.o
        98          0          0          0          0         92   uldiv.o
        40          2          0          0          0         68   cdcmple.o
        40          2          0          0          0         68   cdrcmple.o
        56          0          0          0          0         88   d2f.o
       334          0          0          0          0        148   dadd.o
       222          0          0          0          0        100   ddiv.o
       190          0          0          0          0        176   depilogue.o
        62          0          0          0          0         80   dfixi.o
        50          0          0          0          0         76   dfixui.o
        48          0          0          0          0         68   dfixul.o
        34          0          0          0          0         76   dflti.o
        26          0          0          0          0         76   dfltui.o
        24          0          0          0          0         76   dfltul.o
       228          0          0          0          0         96   dmul.o
        46          0          0          0          0         80   dscalb.o
        38          0          0          0          0         68   f2d.o
       108          0          0          0          0        168   fepilogue.o

    ----------------------------------------------------------------------
      6730        254        296          4          0       3932   Library Totals
        12          0          3          0          0          0   (incl. Padding)

    ----------------------------------------------------------------------

      Code (inc. data)   RO Data    RW Data    ZI Data      Debug   Library Name

      1192        114        160          0          0        584   m_ws.l
      3980        136        133          4          0       1836   mc_w.l
      1546          4          0          0          0       1512   mf_w.l

    ----------------------------------------------------------------------
      6730        254        296          4          0       3932   Library Totals

    ----------------------------------------------------------------------

==============================================================================


      Code (inc. data)   RO Data    RW Data    ZI Data      Debug   

     20176       1014        632        144       5400     334693   Grand Totals
     20176       1014        632        144       5400     334693   ELF Image Totals
     20176       1014        632        144          0          0   ROM Totals

==============================================================================

    Total RO  Size (Code + RO Data)                20808 (  20.32kB)
    Total RW  Size (RW Data + ZI Data)              5544 (   5.41kB)
    Total ROM Size (Code + RO Data + RW Data)      20952 (  20.46kB)

==============================================================================

